Archive member included to satisfy reference by file (symbol)

D:/STM32CubeIDE_1.17.0/STM32CubeIDE/plugins/com.st.stm32cube.ide.mcu.externaltools.gnu-tools-for-stm32.12.3.rel1.win32_1.1.0.202410251130/tools/bin/../lib/gcc/arm-none-eabi/12.3.1/../../../../arm-none-eabi/lib/thumb/v7e-m+fp/hard\libc_nano.a(libc_a-exit.o)
                              D:/STM32CubeIDE_1.17.0/STM32CubeIDE/plugins/com.st.stm32cube.ide.mcu.externaltools.gnu-tools-for-stm32.12.3.rel1.win32_1.1.0.202410251130/tools/bin/../lib/gcc/arm-none-eabi/12.3.1/../../../../arm-none-eabi/lib/thumb/v7e-m+fp/hard/crt0.o (exit)
D:/STM32CubeIDE_1.17.0/STM32CubeIDE/plugins/com.st.stm32cube.ide.mcu.externaltools.gnu-tools-for-stm32.12.3.rel1.win32_1.1.0.202410251130/tools/bin/../lib/gcc/arm-none-eabi/12.3.1/../../../../arm-none-eabi/lib/thumb/v7e-m+fp/hard\libc_nano.a(libc_a-findfp.o)
                              D:/STM32CubeIDE_1.17.0/STM32CubeIDE/plugins/com.st.stm32cube.ide.mcu.externaltools.gnu-tools-for-stm32.12.3.rel1.win32_1.1.0.202410251130/tools/bin/../lib/gcc/arm-none-eabi/12.3.1/../../../../arm-none-eabi/lib/thumb/v7e-m+fp/hard\libc_nano.a(libc_a-exit.o) (__stdio_exit_handler)
D:/STM32CubeIDE_1.17.0/STM32CubeIDE/plugins/com.st.stm32cube.ide.mcu.externaltools.gnu-tools-for-stm32.12.3.rel1.win32_1.1.0.202410251130/tools/bin/../lib/gcc/arm-none-eabi/12.3.1/../../../../arm-none-eabi/lib/thumb/v7e-m+fp/hard\libc_nano.a(libc_a-fwalk.o)
                              D:/STM32CubeIDE_1.17.0/STM32CubeIDE/plugins/com.st.stm32cube.ide.mcu.externaltools.gnu-tools-for-stm32.12.3.rel1.win32_1.1.0.202410251130/tools/bin/../lib/gcc/arm-none-eabi/12.3.1/../../../../arm-none-eabi/lib/thumb/v7e-m+fp/hard\libc_nano.a(libc_a-findfp.o) (_fwalk_sglue)
D:/STM32CubeIDE_1.17.0/STM32CubeIDE/plugins/com.st.stm32cube.ide.mcu.externaltools.gnu-tools-for-stm32.12.3.rel1.win32_1.1.0.202410251130/tools/bin/../lib/gcc/arm-none-eabi/12.3.1/../../../../arm-none-eabi/lib/thumb/v7e-m+fp/hard\libc_nano.a(libc_a-printf.o)
                              ./Core/Src/main.o (printf)
D:/STM32CubeIDE_1.17.0/STM32CubeIDE/plugins/com.st.stm32cube.ide.mcu.externaltools.gnu-tools-for-stm32.12.3.rel1.win32_1.1.0.202410251130/tools/bin/../lib/gcc/arm-none-eabi/12.3.1/../../../../arm-none-eabi/lib/thumb/v7e-m+fp/hard\libc_nano.a(libc_a-puts.o)
                              ./Core/Src/main.o (puts)
D:/STM32CubeIDE_1.17.0/STM32CubeIDE/plugins/com.st.stm32cube.ide.mcu.externaltools.gnu-tools-for-stm32.12.3.rel1.win32_1.1.0.202410251130/tools/bin/../lib/gcc/arm-none-eabi/12.3.1/../../../../arm-none-eabi/lib/thumb/v7e-m+fp/hard\libc_nano.a(libc_a-sprintf.o)
                              ./Core/Src/main.o (sprintf)
D:/STM32CubeIDE_1.17.0/STM32CubeIDE/plugins/com.st.stm32cube.ide.mcu.externaltools.gnu-tools-for-stm32.12.3.rel1.win32_1.1.0.202410251130/tools/bin/../lib/gcc/arm-none-eabi/12.3.1/../../../../arm-none-eabi/lib/thumb/v7e-m+fp/hard\libc_nano.a(libc_a-stdio.o)
                              D:/STM32CubeIDE_1.17.0/STM32CubeIDE/plugins/com.st.stm32cube.ide.mcu.externaltools.gnu-tools-for-stm32.12.3.rel1.win32_1.1.0.202410251130/tools/bin/../lib/gcc/arm-none-eabi/12.3.1/../../../../arm-none-eabi/lib/thumb/v7e-m+fp/hard\libc_nano.a(libc_a-findfp.o) (__sread)
D:/STM32CubeIDE_1.17.0/STM32CubeIDE/plugins/com.st.stm32cube.ide.mcu.externaltools.gnu-tools-for-stm32.12.3.rel1.win32_1.1.0.202410251130/tools/bin/../lib/gcc/arm-none-eabi/12.3.1/../../../../arm-none-eabi/lib/thumb/v7e-m+fp/hard\libc_nano.a(libc_a-wbuf.o)
                              D:/STM32CubeIDE_1.17.0/STM32CubeIDE/plugins/com.st.stm32cube.ide.mcu.externaltools.gnu-tools-for-stm32.12.3.rel1.win32_1.1.0.202410251130/tools/bin/../lib/gcc/arm-none-eabi/12.3.1/../../../../arm-none-eabi/lib/thumb/v7e-m+fp/hard\libc_nano.a(libc_a-puts.o) (__swbuf_r)
D:/STM32CubeIDE_1.17.0/STM32CubeIDE/plugins/com.st.stm32cube.ide.mcu.externaltools.gnu-tools-for-stm32.12.3.rel1.win32_1.1.0.202410251130/tools/bin/../lib/gcc/arm-none-eabi/12.3.1/../../../../arm-none-eabi/lib/thumb/v7e-m+fp/hard\libc_nano.a(libc_a-wsetup.o)
                              D:/STM32CubeIDE_1.17.0/STM32CubeIDE/plugins/com.st.stm32cube.ide.mcu.externaltools.gnu-tools-for-stm32.12.3.rel1.win32_1.1.0.202410251130/tools/bin/../lib/gcc/arm-none-eabi/12.3.1/../../../../arm-none-eabi/lib/thumb/v7e-m+fp/hard\libc_nano.a(libc_a-puts.o) (__swsetup_r)
D:/STM32CubeIDE_1.17.0/STM32CubeIDE/plugins/com.st.stm32cube.ide.mcu.externaltools.gnu-tools-for-stm32.12.3.rel1.win32_1.1.0.202410251130/tools/bin/../lib/gcc/arm-none-eabi/12.3.1/../../../../arm-none-eabi/lib/thumb/v7e-m+fp/hard\libc_nano.a(libc_a-memset.o)
                              D:/STM32CubeIDE_1.17.0/STM32CubeIDE/plugins/com.st.stm32cube.ide.mcu.externaltools.gnu-tools-for-stm32.12.3.rel1.win32_1.1.0.202410251130/tools/bin/../lib/gcc/arm-none-eabi/12.3.1/../../../../arm-none-eabi/lib/thumb/v7e-m+fp/hard/crt0.o (memset)
[...]
Memory Configuration

Name             Origin             Length             Attributes
CCMRAM           0x10000000         0x00010000         xrw
RAM              0x20000000         0x00020000         xrw
FLASH            0x08000000         0x00100000         xr
*default*        0x00000000         0xffffffff

Linker script and memory map

LOAD D:/STM32CubeIDE_1.17.0/STM32CubeIDE/plugins/com.st.stm32cube.ide.mcu.externaltools.gnu-tools-for-stm32.12.3.rel1.win32_1.1.0.202410251130/tools/bin/../lib/gcc/arm-none-eabi/12.3.1/thumb/v7e-m+fp/hard/crti.o
LOAD D:/STM32CubeIDE_1.17.0/STM32CubeIDE/plugins/com.st.stm32cube.ide.mcu.externaltools.gnu-tools-for-stm32.12.3.rel1.win32_1.1.0.202410251130/tools/bin/../lib/gcc/arm-none-eabi/12.3.1/thumb/v7e-m+fp/hard/crtbegin.o
LOAD D:/STM32CubeIDE_1.17.0/STM32CubeIDE/plugins/com.st.stm32cube.ide.mcu.externaltools.gnu-tools-for-stm32.12.3.rel1.win32_1.1.0.202410251130/tools/bin/../lib/gcc/arm-none-eabi/12.3.1/../../../../arm-none-eabi/lib/thumb/v7e-m+fp/hard/crt0.o
LOAD ./Core/Src/fatfs_sd.o
LOAD ./Core/Src/main.o
LOAD ./Core/Src/stm32f4xx_hal_msp.o
LOAD ./Core/Src/stm32f4xx_it.o
LOAD ./Core/Src/syscalls.o
LOAD ./Core/Src/sysmem.o
LOAD ./Core/Src/system_stm32f4xx.o
LOAD ./Core/Startup/startup_stm32f407vgtx.o
LOAD ./Drivers/STM32F4xx_HAL_Driver/Src/stm32f4xx_hal.o
LOAD ./Drivers/STM32F4xx_HAL_Driver/Src/stm32f4xx_hal_cortex.o
LOAD ./Drivers/STM32F4xx_HAL_Driver/Src/stm32f4xx_hal_dma.o
LOAD ./Drivers/STM32F4xx_HAL_Driver/Src/stm32f4xx_hal_dma_ex.o
LOAD ./Drivers/STM32F4xx_HAL_Driver/Src/stm32f4xx_hal_exti.o
LOAD ./Drivers/STM32F4xx_HAL_Driver/Src/stm32f4xx_hal_flash.o
LOAD ./Drivers/STM32F4xx_HAL_Driver/Src/stm32f4xx_hal_flash_ex.o
LOAD ./Drivers/STM32F4xx_HAL_Driver/Src/stm32f4xx_hal_flash_ramfunc.o
LOAD ./Drivers/STM32F4xx_HAL_Driver/Src/stm32f4xx_hal_gpio.o
LOAD ./Drivers/STM32F4xx_HAL_Driver/Src/stm32f4xx_hal_pwr.o
LOAD ./Drivers/STM32F4xx_HAL_Driver/Src/stm32f4xx_hal_pwr_ex.o
LOAD ./Drivers/STM32F4xx_HAL_Driver/Src/stm32f4xx_hal_rcc.o
LOAD ./Drivers/STM32F4xx_HAL_Driver/Src/stm32f4xx_hal_rcc_ex.o
LOAD ./Drivers/STM32F4xx_HAL_Driver/Src/stm32f4xx_hal_spi.o
LOAD ./FATFS/App/fatfs.o
LOAD ./FATFS/Target/user_diskio.o
LOAD ./Middlewares/Third_Party/FatFs/src/diskio.o
LOAD ./Middlewares/Third_Party/FatFs/src/ff.o
LOAD ./Middlewares/Third_Party/FatFs/src/ff_gen_drv.o
LOAD ./Middlewares/Third_Party/FatFs/src/option/ccsbcs.o
LOAD ./Middlewares/Third_Party/FatFs/src/option/syscall.o
START GROUP
LOAD D:/STM32CubeIDE_1.17.0/STM32CubeIDE/plugins/com.st.stm32cube.ide.mcu.externaltools.gnu-tools-for-stm32.12.3.rel1.win32_1.1.0.202410251130/tools/bin/../lib/gcc/arm-none-eabi/12.3.1/../../../../arm-none-eabi/lib/thumb/v7e-m+fp/hard\libc_nano.a
LOAD D:/STM32CubeIDE_1.17.0/STM32CubeIDE/plugins/com.st.stm32cube.ide.mcu.externaltools.gnu-tools-for-stm32.12.3.rel1.win32_1.1.0.202410251130/tools/bin/../lib/gcc/arm-none-eabi/12.3.1/../../../../arm-none-eabi/lib/thumb/v7e-m+fp/hard\libm.a
END GROUP
START GROUP
LOAD D:/STM32CubeIDE_1.17.0/STM32CubeIDE/plugins/com.st.stm32cube.ide.mcu.externaltools.gnu-tools-for-stm32.12.3.rel1.win32_1.1.0.202410251130/tools/bin/../lib/gcc/arm-none-eabi/12.3.1/thumb/v7e-m+fp/hard\libgcc.a
LOAD D:/STM32CubeIDE_1.17.0/STM32CubeIDE/plugins/com.st.stm32cube.ide.mcu.externaltools.gnu-tools-for-stm32.12.3.rel1.win32_1.1.0.202410251130/tools/bin/../lib/gcc/arm-none-eabi/12.3.1/../../../../arm-none-eabi/lib/thumb/v7e-m+fp/hard\libc_nano.a
END GROUP
START GROUP
LOAD D:/STM32CubeIDE_1.17.0/STM32CubeIDE/plugins/com.st.stm32cube.ide.mcu.externaltools.gnu-tools-for-stm32.12.3.rel1.win32_1.1.0.202410251130/tools/bin/../lib/gcc/arm-none-eabi/12.3.1/thumb/v7e-m+fp/hard\libgcc.a
LOAD D:/STM32CubeIDE_1.17.0/STM32CubeIDE/plugins/com.st.stm32cube.ide.mcu.externaltools.gnu-tools-for-stm32.12.3.rel1.win32_1.1.0.202410251130/tools/bin/../lib/gcc/arm-none-eabi/12.3.1/../../../../arm-none-eabi/lib/thumb/v7e-m+fp/hard\libc_nano.a
LOAD D:/STM32CubeIDE_1.17.0/STM32CubeIDE/plugins/com.st.stm32cube.ide.mcu.externaltools.gnu-tools-for-stm32.12.3.rel1.win32_1.1.0.202410251130/tools/bin/../lib/gcc/arm-none-eabi/12.3.1/../../../../arm-none-eabi/lib/thumb/v7e-m+fp/hard\libnosys.a
END GROUP
START GROUP
LOAD D:/STM32CubeIDE_1.17.0/STM32CubeIDE/plugins/com.st.stm32cube.ide.mcu.externaltools.gnu-tools-for-stm32.12.3.rel1.win32_1.1.0.202410251130/tools/bin/../lib/gcc/arm-none-eabi/12.3.1/thumb/v7e-m+fp/hard\libgcc.a
LOAD D:/STM32CubeIDE_1.17.0/STM32CubeIDE/plugins/com.st.stm32cube.ide.mcu.externaltools.gnu-tools-for-stm32.12.3.rel1.win32_1.1.0.202410251130/tools/bin/../lib/gcc/arm-none-eabi/12.3.1/../../../../arm-none-eabi/lib/thumb/v7e-m+fp/hard\libc_nano.a
LOAD D:/STM32CubeIDE_1.17.0/STM32CubeIDE/plugins/com.st.stm32cube.ide.mcu.externaltools.gnu-tools-for-stm32.12.3.rel1.win32_1.1.0.202410251130/tools/bin/../lib/gcc/arm-none-eabi/12.3.1/../../../../arm-none-eabi/lib/thumb/v7e-m+fp/hard\libnosys.a
END GROUP
LOAD D:/STM32CubeIDE_1.17.0/STM32CubeIDE/plugins/com.st.stm32cube.ide.mcu.externaltools.gnu-tools-for-stm32.12.3.rel1.win32_1.1.0.202410251130/tools/bin/../lib/gcc/arm-none-eabi/12.3.1/thumb/v7e-m+fp/hard/crtend.o
LOAD D:/STM32CubeIDE_1.17.0/STM32CubeIDE/plugins/com.st.stm32cube.ide.mcu.externaltools.gnu-tools-for-stm32.12.3.rel1.win32_1.1.0.202410251130/tools/bin/../lib/gcc/arm-none-eabi/12.3.1/thumb/v7e-m+fp/hard/crtn.o
                0x20020000                        _estack = (ORIGIN (RAM) + LENGTH (RAM))
                0x00000200                        _Min_Heap_Size = 0x200
                0x00000400                        _Min_Stack_Size = 0x400

.isr_vector     0x08000000      0x188
                0x08000000                        . = ALIGN (0x4)
 *(.isr_vector)
 .isr_vector    0x08000000      0x188 ./Core/Startup/startup_stm32f407vgtx.o
                0x08000000                g_pfnVectors
                0x08000188                        . = ALIGN (0x4)

.text           0x08000190     0x7af8
                0x08000190                        . = ALIGN (0x4)
 *(.text)
 .text          0x08000190       0x40 D:/STM32CubeIDE_1.17.0/STM32CubeIDE/plugins/com.st.stm32cube.ide.mcu.externaltools.gnu-tools-for-stm32.12.3.rel1.win32_1.1.0.202410251130/tools/bin/../lib/gcc/arm-none-eabi/12.3.1/thumb/v7e-m+fp/hard/crtbegin.o
 .text          0x080001d0       0xa0 D:/STM32CubeIDE_1.17.0/STM32CubeIDE/plugins/com.st.stm32cube.ide.mcu.externaltools.gnu-tools-for-stm32.12.3.rel1.win32_1.1.0.202410251130/tools/bin/../lib/gcc/arm-none-eabi/12.3.1/../../../../arm-none-eabi/lib/thumb/v7e-m+fp/hard\libc_nano.a(libc_a-memchr.o)
                0x080001d0                memchr
 .text          0x08000270      0x254 D:/STM32CubeIDE_1.17.0/STM32CubeIDE/plugins/com.st.stm32cube.ide.mcu.externaltools.gnu-tools-for-stm32.12.3.rel1.win32_1.1.0.202410251130/tools/bin/../lib/gcc/arm-none-eabi/12.3.1/thumb/v7e-m+fp/hard\libgcc.a(_arm_muldf3.o)
                0x08000270                __muldf3
                0x08000270                __aeabi_dmul
 .text          0x080004c4      0x378 D:/STM32CubeIDE_1.17.0/STM32CubeIDE/plugins/com.st.stm32cube.ide.mcu.externaltools.gnu-tools-for-stm32.12.3.rel1.win32_1.1.0.202410251130/tools/bin/../lib/gcc/arm-none-eabi/12.3.1/thumb/v7e-m+fp/hard\libgcc.a(_arm_addsubdf3.o)
                0x080004c4                __aeabi_drsub
                0x080004cc                __aeabi_dsub
                0x080004cc                __subdf3
                0x080004d0                __aeabi_dadd
                0x080004d0                __adddf3
                0x08000748                __floatunsidf
                0x08000748                __aeabi_ui2d
                0x08000768                __floatsidf
                0x08000768                __aeabi_i2d
                0x0800078c                __aeabi_f2d
                0x0800078c                __extendsfdf2
                0x080007d0                __floatundidf
                0x080007d0                __aeabi_ul2d
                0x080007e0                __floatdidf
                0x080007e0                __aeabi_l2d
 .text          0x0800083c       0x40 D:/STM32CubeIDE_1.17.0/STM32CubeIDE/plugins/com.st.stm32cube.ide.mcu.externaltools.gnu-tools-for-stm32.12.3.rel1.win32_1.1.0.202410251130/tools/bin/../lib/gcc/arm-none-eabi/12.3.1/thumb/v7e-m+fp/hard\libgcc.a(_arm_fixunsdfsi.o)
                0x0800083c                __aeabi_d2uiz
                0x0800083c                __fixunsdfsi
 .text          0x0800087c       0x30 D:/STM32CubeIDE_1.17.0/STM32CubeIDE/plugins/com.st.stm32cube.ide.mcu.externaltools.gnu-tools-for-stm32.12.3.rel1.win32_1.1.0.202410251130/tools/bin/../lib/gcc/arm-none-eabi/12.3.1/thumb/v7e-m+fp/hard\libgcc.a(_aeabi_uldivmod.o)
                0x0800087c                __aeabi_uldivmod
 .text          0x080008ac      0x2bc D:/STM32CubeIDE_1.17.0/STM32CubeIDE/plugins/com.st.stm32cube.ide.mcu.externaltools.gnu-tools-for-stm32.12.3.rel1.win32_1.1.0.202410251130/tools/bin/../lib/gcc/arm-none-eabi/12.3.1/thumb/v7e-m+fp/hard\libgcc.a(_udivmoddi4.o)
                0x080008ac                __udivmoddi4
 .text          0x08000b68        0x4 D:/STM32CubeIDE_1.17.0/STM32CubeIDE/plugins/com.st.stm32cube.ide.mcu.externaltools.gnu-tools-for-stm32.12.3.rel1.win32_1.1.0.202410251130/tools/bin/../lib/gcc/arm-none-eabi/12.3.1/thumb/v7e-m+fp/hard\libgcc.a(_dvmd_tls.o)
                0x08000b68                __aeabi_idiv0
                0x08000b68                __aeabi_ldiv0
 *(.text*)
 .text.SELECT   0x08000b6c       0x1c ./Core/Src/fatfs_sd.o
 .text.DESELECT
                0x08000b88       0x1c ./Core/Src/fatfs_sd.o
 .text.SPI_TxByte
                0x08000ba4       0x34 ./Core/Src/fatfs_sd.o
 .text.SPI_TxBuffer
                0x08000bd8       0x34 ./Core/Src/fatfs_sd.o
 .text.SPI_RxByte
                0x08000c0c       0x38 ./Core/Src/fatfs_sd.o
 .text.SPI_RxBytePtr
                0x08000c44       0x1c ./Core/Src/fatfs_sd.o
 .text.SD_ReadyWait
                0x08000c60       0x34 ./Core/Src/fatfs_sd.o
 .text.SD_PowerOn
                0x08000c94       0x84 ./Core/Src/fatfs_sd.o
 .text.SD_PowerOff
                0x08000d18       0x18 ./Core/Src/fatfs_sd.o
 .text.SD_CheckPower
                0x08000d30       0x18 ./Core/Src/fatfs_sd.o
 .text.SD_RxDataBlock
                0x08000d48       0x5c ./Core/Src/fatfs_sd.o
 .text.SD_TxDataBlock
                0x08000da4       0x86 ./Core/Src/fatfs_sd.o
 .text.SD_SendCmd
                0x08000e2a       0xa8 ./Core/Src/fatfs_sd.o
 *fill*         0x08000ed2        0x2 
 .text.SD_disk_initialize
                0x08000ed4      0x1cc ./Core/Src/fatfs_sd.o
                0x08000ed4                SD_disk_initialize
 .text.SD_disk_status
                0x080010a0       0x2c ./Core/Src/fatfs_sd.o
                0x080010a0                SD_disk_status
 .text.SD_disk_read
                0x080010cc       0xd4 ./Core/Src/fatfs_sd.o
                0x080010cc                SD_disk_read
 .text.SD_disk_write
                0x080011a0      0x108 ./Core/Src/fatfs_sd.o
                0x080011a0                SD_disk_write
 .text.SD_disk_ioctl
                0x080012a8      0x254 ./Core/Src/fatfs_sd.o
                0x080012a8                SD_disk_ioctl
 .text.bufclear
                0x080014fc       0x38 ./Core/Src/main.o
                0x080014fc                bufclear
 .text.main     0x08001534      0x1b0 ./Core/Src/main.o
                0x08001534                main
 .text.SystemClock_Config
                0x080016e4       0xd4 ./Core/Src/main.o
                0x080016e4                SystemClock_Config
 .text.MX_SPI1_Init
                0x080017b8       0x6c ./Core/Src/main.o
 .text.MX_GPIO_Init
                0x08001824       0xa4 ./Core/Src/main.o
 .text.Error_Handler
                0x080018c8        0xc ./Core/Src/main.o
                0x080018c8                Error_Handler
 .text.HAL_MspInit
                0x080018d4       0x50 ./Core/Src/stm32f4xx_hal_msp.o
                0x080018d4                HAL_MspInit
 .text.HAL_SPI_MspInit
                0x08001924       0x90 ./Core/Src/stm32f4xx_hal_msp.o
                0x08001924                HAL_SPI_MspInit
 .text.SDTimer_Handler
                0x080019b4       0x48 ./Core/Src/stm32f4xx_it.o
                0x080019b4                SDTimer_Handler
 .text.NMI_Handler
                0x080019fc        0x8 ./Core/Src/stm32f4xx_it.o
                0x080019fc                NMI_Handler
 .text.HardFault_Handler
                0x08001a04        0x8 ./Core/Src/stm32f4xx_it.o
                0x08001a04                HardFault_Handler
 .text.MemManage_Handler
                0x08001a0c        0x8 ./Core/Src/stm32f4xx_it.o
                0x08001a0c                MemManage_Handler
 .text.BusFault_Handler
                0x08001a14        0x8 ./Core/Src/stm32f4xx_it.o
                0x08001a14                BusFault_Handler
 .text.UsageFault_Handler
                0x08001a1c        0x8 ./Core/Src/stm32f4xx_it.o
                0x08001a1c                UsageFault_Handler
 .text.SVC_Handler
                0x08001a24        0xe ./Core/Src/stm32f4xx_it.o
                0x08001a24                SVC_Handler
 .text.DebugMon_Handler
                0x08001a32        0xe ./Core/Src/stm32f4xx_it.o
                0x08001a32                DebugMon_Handler
 .text.PendSV_Handler
                0x08001a40        0xe ./Core/Src/stm32f4xx_it.o
                0x08001a40                PendSV_Handler
 *fill*         0x08001a4e        0x2 
 .text.SysTick_Handler
                0x08001a50       0x34 ./Core/Src/stm32f4xx_it.o
                0x08001a50                SysTick_Handler
 .text.ITM_SendChar
                0x08001a84       0x50 ./Core/Src/syscalls.o
                0x08001a84                ITM_SendChar
 .text._read    0x08001ad4       0x3a ./Core/Src/syscalls.o
                0x08001ad4                _read
 .text._write   0x08001b0e       0x38 ./Core/Src/syscalls.o
                0x08001b0e                _write
 .text._close   0x08001b46       0x18 ./Core/Src/syscalls.o
                0x08001b46                _close
 .text._fstat   0x08001b5e       0x20 ./Core/Src/syscalls.o
                0x08001b5e                _fstat
 .text._isatty  0x08001b7e       0x16 ./Core/Src/syscalls.o
                0x08001b7e                _isatty
 .text._lseek   0x08001b94       0x1a ./Core/Src/syscalls.o
                0x08001b94                _lseek
 *fill*         0x08001bae        0x2 
 .text._sbrk    0x08001bb0       0x6c ./Core/Src/sysmem.o
                0x08001bb0                _sbrk
 .text.SystemInit
                0x08001c1c       0x24 ./Core/Src/system_stm32f4xx.o
                0x08001c1c                SystemInit
 .text.Reset_Handler
                0x08001c40       0x50 ./Core/Startup/startup_stm32f407vgtx.o
                0x08001c40                Reset_Handler
 .text.Default_Handler
                0x08001c90        0x2 ./Core/Startup/startup_stm32f407vgtx.o
                0x08001c90                RTC_Alarm_IRQHandler
                0x08001c90                HASH_RNG_IRQHandler
                0x08001c90                EXTI2_IRQHandler
                0x08001c90                TIM8_CC_IRQHandler
                0x08001c90                TIM1_CC_IRQHandler
                0x08001c90                DMA2_Stream5_IRQHandler
                0x08001c90                DMA1_Stream5_IRQHandler
                0x08001c90                PVD_IRQHandler
                0x08001c90                SDIO_IRQHandler
                0x08001c90                TAMP_STAMP_IRQHandler
                0x08001c90                CAN2_RX1_IRQHandler
                0x08001c90                EXTI3_IRQHandler
                0x08001c90                TIM8_TRG_COM_TIM14_IRQHandler
                0x08001c90                TIM1_UP_TIM10_IRQHandler
                0x08001c90                TIM8_UP_TIM13_IRQHandler
                0x08001c90                I2C3_ER_IRQHandler
                0x08001c90                EXTI0_IRQHandler
                0x08001c90                I2C2_EV_IRQHandler
                0x08001c90                DMA1_Stream2_IRQHandler
                0x08001c90                CAN1_RX0_IRQHandler
                0x08001c90                FPU_IRQHandler
                0x08001c90                OTG_HS_WKUP_IRQHandler
                0x08001c90                CAN2_SCE_IRQHandler
                0x08001c90                DMA2_Stream2_IRQHandler
                0x08001c90                SPI1_IRQHandler
                0x08001c90                TIM6_DAC_IRQHandler
                0x08001c90                TIM1_BRK_TIM9_IRQHandler
                0x08001c90                DCMI_IRQHandler
                0x08001c90                CAN2_RX0_IRQHandler
                0x08001c90                DMA2_Stream3_IRQHandler
                0x08001c90                USART6_IRQHandler
                0x08001c90                USART3_IRQHandler
                0x08001c90                CAN1_RX1_IRQHandler
                0x08001c90                UART5_IRQHandler
                0x08001c90                DMA2_Stream0_IRQHandler
                0x08001c90                TIM4_IRQHandler
                0x08001c90                I2C1_EV_IRQHandler
                0x08001c90                DMA1_Stream6_IRQHandler
                0x08001c90                DMA1_Stream1_IRQHandler
                0x08001c90                UART4_IRQHandler
                0x08001c90                TIM3_IRQHandler
                0x08001c90                RCC_IRQHandler
                0x08001c90                TIM8_BRK_TIM12_IRQHandler
                0x08001c90                Default_Handler
                0x08001c90                EXTI15_10_IRQHandler
                0x08001c90                ADC_IRQHandler
                0x08001c90                DMA1_Stream7_IRQHandler
                0x08001c90                TIM7_IRQHandler
                0x08001c90                CAN2_TX_IRQHandler
                0x08001c90                TIM5_IRQHandler
                0x08001c90                DMA2_Stream7_IRQHandler
                0x08001c90                I2C3_EV_IRQHandler
                0x08001c90                EXTI9_5_IRQHandler
                0x08001c90                RTC_WKUP_IRQHandler
                0x08001c90                ETH_WKUP_IRQHandler
                0x08001c90                SPI2_IRQHandler
                0x08001c90                OTG_HS_EP1_IN_IRQHandler
                0x08001c90                DMA1_Stream0_IRQHandler
                0x08001c90                CAN1_TX_IRQHandler
                0x08001c90                EXTI4_IRQHandler
                0x08001c90                FSMC_IRQHandler
                0x08001c90                ETH_IRQHandler
                0x08001c90                OTG_HS_EP1_OUT_IRQHandler
                0x08001c90                WWDG_IRQHandler
                0x08001c90                TIM2_IRQHandler
                0x08001c90                OTG_FS_WKUP_IRQHandler
                0x08001c90                TIM1_TRG_COM_TIM11_IRQHandler
                0x08001c90                OTG_HS_IRQHandler
                0x08001c90                EXTI1_IRQHandler
                0x08001c90                USART2_IRQHandler
                0x08001c90                I2C2_ER_IRQHandler
                0x08001c90                DMA2_Stream1_IRQHandler
                0x08001c90                CAN1_SCE_IRQHandler
                0x08001c90                FLASH_IRQHandler
                0x08001c90                DMA2_Stream4_IRQHandler
                0x08001c90                USART1_IRQHandler
                0x08001c90                OTG_FS_IRQHandler
                0x08001c90                SPI3_IRQHandler
                0x08001c90                DMA1_Stream4_IRQHandler
                0x08001c90                I2C1_ER_IRQHandler
                0x08001c90                DMA2_Stream6_IRQHandler
                0x08001c90                DMA1_Stream3_IRQHandler
 *fill*         0x08001c92        0x2 
 .text.HAL_Init
                0x08001c94       0x44 ./Drivers/STM32F4xx_HAL_Driver/Src/stm32f4xx_hal.o
                0x08001c94                HAL_Init
 .text.HAL_InitTick
                0x08001cd8       0x60 ./Drivers/STM32F4xx_HAL_Driver/Src/stm32f4xx_hal.o
                0x08001cd8                HAL_InitTick
 .text.HAL_IncTick
                0x08001d38       0x28 ./Drivers/STM32F4xx_HAL_Driver/Src/stm32f4xx_hal.o
                0x08001d38                HAL_IncTick
 .text.HAL_GetTick
                0x08001d60       0x18 ./Drivers/STM32F4xx_HAL_Driver/Src/stm32f4xx_hal.o
                0x08001d60                HAL_GetTick
 .text.HAL_Delay
                0x08001d78       0x48 ./Drivers/STM32F4xx_HAL_Driver/Src/stm32f4xx_hal.o
                0x08001d78                HAL_Delay
 .text.__NVIC_SetPriorityGrouping
                0x08001dc0       0x48 ./Drivers/STM32F4xx_HAL_Driver/Src/stm32f4xx_hal_cortex.o
 .text.__NVIC_GetPriorityGrouping
                0x08001e08       0x1c ./Drivers/STM32F4xx_HAL_Driver/Src/stm32f4xx_hal_cortex.o
 .text.__NVIC_SetPriority
                0x08001e24       0x54 ./Drivers/STM32F4xx_HAL_Driver/Src/stm32f4xx_hal_cortex.o
 .text.NVIC_EncodePriority
                0x08001e78       0x66 ./Drivers/STM32F4xx_HAL_Driver/Src/stm32f4xx_hal_cortex.o
 *fill*         0x08001ede        0x2 
 .text.SysTick_Config
                0x08001ee0       0x44 ./Drivers/STM32F4xx_HAL_Driver/Src/stm32f4xx_hal_cortex.o
 .text.HAL_NVIC_SetPriorityGrouping
                0x08001f24       0x16 ./Drivers/STM32F4xx_HAL_Driver/Src/stm32f4xx_hal_cortex.o
                0x08001f24                HAL_NVIC_SetPriorityGrouping
 .text.HAL_NVIC_SetPriority
                0x08001f3a       0x38 ./Drivers/STM32F4xx_HAL_Driver/Src/stm32f4xx_hal_cortex.o
                0x08001f3a                HAL_NVIC_SetPriority
 .text.HAL_SYSTICK_Config
                0x08001f72       0x18 ./Drivers/STM32F4xx_HAL_Driver/Src/stm32f4xx_hal_cortex.o
                0x08001f72                HAL_SYSTICK_Config
 *fill*         0x08001f8a        0x2 
 .text.HAL_GPIO_Init
                0x08001f8c      0x338 ./Drivers/STM32F4xx_HAL_Driver/Src/stm32f4xx_hal_gpio.o
                0x08001f8c                HAL_GPIO_Init
 .text.HAL_GPIO_WritePin
                0x080022c4       0x32 ./Drivers/STM32F4xx_HAL_Driver/Src/stm32f4xx_hal_gpio.o
                0x080022c4                HAL_GPIO_WritePin
 *fill*         0x080022f6        0x2 
 .text.HAL_RCC_OscConfig
                0x080022f8      0x4f0 ./Drivers/STM32F4xx_HAL_Driver/Src/stm32f4xx_hal_rcc.o
                0x080022f8                HAL_RCC_OscConfig
 .text.HAL_RCC_ClockConfig
                0x080027e8      0x1cc ./Drivers/STM32F4xx_HAL_Driver/Src/stm32f4xx_hal_rcc.o
                0x080027e8                HAL_RCC_ClockConfig
 .text.HAL_RCC_GetSysClockFreq
                0x080029b4      0x20c ./Drivers/STM32F4xx_HAL_Driver/Src/stm32f4xx_hal_rcc.o
                0x080029b4                HAL_RCC_GetSysClockFreq
 .text.HAL_SPI_Init
                0x08002bc0      0x112 ./Drivers/STM32F4xx_HAL_Driver/Src/stm32f4xx_hal_spi.o
                0x08002bc0                HAL_SPI_Init
 .text.HAL_SPI_Transmit
                0x08002cd2      0x288 ./Drivers/STM32F4xx_HAL_Driver/Src/stm32f4xx_hal_spi.o
                0x08002cd2                HAL_SPI_Transmit
 .text.HAL_SPI_TransmitReceive
                0x08002f5a      0x352 ./Drivers/STM32F4xx_HAL_Driver/Src/stm32f4xx_hal_spi.o
                0x08002f5a                HAL_SPI_TransmitReceive
 .text.SPI_WaitFlagStateUntilTimeout
                0x080032ac      0x110 ./Drivers/STM32F4xx_HAL_Driver/Src/stm32f4xx_hal_spi.o
 .text.SPI_EndRxTxTransaction
                0x080033bc       0xa8 ./Drivers/STM32F4xx_HAL_Driver/Src/stm32f4xx_hal_spi.o
 .text.MX_FATFS_Init
                0x08003464       0x24 ./FATFS/App/fatfs.o
                0x08003464                MX_FATFS_Init
 .text.get_fattime
                0x08003488       0x10 ./FATFS/App/fatfs.o
                0x08003488                get_fattime
 .text.USER_initialize
                0x08003498       0x1c ./FATFS/Target/user_diskio.o
                0x08003498                USER_initialize
 .text.USER_status
                0x080034b4       0x1c ./FATFS/Target/user_diskio.o
                0x080034b4                USER_status
 .text.USER_read
                0x080034d0       0x26 ./FATFS/Target/user_diskio.o
                0x080034d0                USER_read
 .text.USER_write
                0x080034f6       0x26 ./FATFS/Target/user_diskio.o
                0x080034f6                USER_write
 .text.USER_ioctl
                0x0800351c       0x26 ./FATFS/Target/user_diskio.o
                0x0800351c                USER_ioctl
 *fill*         0x08003542        0x2 
 .text.disk_status
                0x08003544       0x34 ./Middlewares/Third_Party/FatFs/src/diskio.o
                0x08003544                disk_status
 .text.disk_initialize
                0x08003578       0x50 ./Middlewares/Third_Party/FatFs/src/diskio.o
                0x08003578                disk_initialize
 .text.disk_read
                0x080035c8       0x40 ./Middlewares/Third_Party/FatFs/src/diskio.o
                0x080035c8                disk_read
 .text.disk_write
                0x08003608       0x40 ./Middlewares/Third_Party/FatFs/src/diskio.o
                0x08003608                disk_write
 .text.disk_ioctl
                0x08003648       0x3c ./Middlewares/Third_Party/FatFs/src/diskio.o
                0x08003648                disk_ioctl
 .text.ld_word  0x08003684       0x30 ./Middlewares/Third_Party/FatFs/src/ff.o
 .text.ld_dword
                0x080036b4       0x46 ./Middlewares/Third_Party/FatFs/src/ff.o
 .text.st_word  0x080036fa       0x36 ./Middlewares/Third_Party/FatFs/src/ff.o
 .text.st_dword
                0x08003730       0x58 ./Middlewares/Third_Party/FatFs/src/ff.o
 .text.mem_cpy  0x08003788       0x42 ./Middlewares/Third_Party/FatFs/src/ff.o
 .text.mem_set  0x080037ca       0x36 ./Middlewares/Third_Party/FatFs/src/ff.o
 .text.mem_cmp  0x08003800       0x4e ./Middlewares/Third_Party/FatFs/src/ff.o
 .text.chk_chr  0x0800384e       0x36 ./Middlewares/Third_Party/FatFs/src/ff.o
 .text.chk_lock
                0x08003884       0xb8 ./Middlewares/Third_Party/FatFs/src/ff.o
 .text.enq_lock
                0x0800393c       0x44 ./Middlewares/Third_Party/FatFs/src/ff.o
 .text.inc_lock
                0x08003980      0x11c ./Middlewares/Third_Party/FatFs/src/ff.o
 .text.dec_lock
                0x08003a9c       0x78 ./Middlewares/Third_Party/FatFs/src/ff.o
 .text.clear_lock
                0x08003b14       0x48 ./Middlewares/Third_Party/FatFs/src/ff.o
 .text.sync_window
                0x08003b5c       0x88 ./Middlewares/Third_Party/FatFs/src/ff.o
 .text.move_window
                0x08003be4       0x5a ./Middlewares/Third_Party/FatFs/src/ff.o
 *fill*         0x08003c3e        0x2 
 .text.sync_fs  0x08003c40       0xe0 ./Middlewares/Third_Party/FatFs/src/ff.o
 .text.clust2sect
                0x08003d20       0x3e ./Middlewares/Third_Party/FatFs/src/ff.o
 .text.get_fat  0x08003d5e      0x1a6 ./Middlewares/Third_Party/FatFs/src/ff.o
 .text.put_fat  0x08003f04      0x234 ./Middlewares/Third_Party/FatFs/src/ff.o
 .text.remove_chain
                0x08004138       0xca ./Middlewares/Third_Party/FatFs/src/ff.o
 .text.create_chain
                0x08004202      0x130 ./Middlewares/Third_Party/FatFs/src/ff.o
 .text.clmt_clust
                0x08004332       0x70 ./Middlewares/Third_Party/FatFs/src/ff.o
 .text.dir_sdi  0x080043a2      0x112 ./Middlewares/Third_Party/FatFs/src/ff.o
 .text.dir_next
                0x080044b4      0x1ac ./Middlewares/Third_Party/FatFs/src/ff.o
 .text.dir_alloc
                0x08004660       0x8e ./Middlewares/Third_Party/FatFs/src/ff.o
 .text.ld_clust
                0x080046ee       0x3e ./Middlewares/Third_Party/FatFs/src/ff.o
 .text.st_clust
                0x0800472c       0x40 ./Middlewares/Third_Party/FatFs/src/ff.o
 .text.cmp_lfn  0x0800476c       0xe0 ./Middlewares/Third_Party/FatFs/src/ff.o
 .text.put_lfn  0x0800484c       0xd0 ./Middlewares/Third_Party/FatFs/src/ff.o
 .text.gen_numname
                0x0800491c      0x11c ./Middlewares/Third_Party/FatFs/src/ff.o
 .text.sum_sfn  0x08004a38       0x42 ./Middlewares/Third_Party/FatFs/src/ff.o
 .text.dir_find
                0x08004a7a      0x180 ./Middlewares/Third_Party/FatFs/src/ff.o
 *fill*         0x08004bfa        0x2 
 .text.dir_register
                0x08004bfc      0x1f0 ./Middlewares/Third_Party/FatFs/src/ff.o
 .text.create_name
                0x08004dec      0x370 ./Middlewares/Third_Party/FatFs/src/ff.o
 .text.follow_path
                0x0800515c       0xec ./Middlewares/Third_Party/FatFs/src/ff.o
 .text.get_ldnumber
                0x08005248       0x88 ./Middlewares/Third_Party/FatFs/src/ff.o
 .text.check_fs
                0x080052d0       0xac ./Middlewares/Third_Party/FatFs/src/ff.o
 .text.find_volume
                0x0800537c      0x50c ./Middlewares/Third_Party/FatFs/src/ff.o
 .text.validate
                0x08005888       0x6a ./Middlewares/Third_Party/FatFs/src/ff.o
 *fill*         0x080058f2        0x2 
 .text.f_mount  0x080058f4       0x8c ./Middlewares/Third_Party/FatFs/src/ff.o
                0x080058f4                f_mount
 .text.f_open   0x08005980      0x390 ./Middlewares/Third_Party/FatFs/src/ff.o
                0x08005980                f_open
 .text.f_read   0x08005d10      0x2be ./Middlewares/Third_Party/FatFs/src/ff.o
                0x08005d10                f_read
 .text.f_write  0x08005fce      0x328 ./Middlewares/Third_Party/FatFs/src/ff.o
                0x08005fce                f_write
 .text.f_sync   0x080062f6       0xfc ./Middlewares/Third_Party/FatFs/src/ff.o
                0x080062f6                f_sync
 .text.f_close  0x080063f2       0x54 ./Middlewares/Third_Party/FatFs/src/ff.o
                0x080063f2                f_close
 .text.f_getfree
                0x08006446      0x16a ./Middlewares/Third_Party/FatFs/src/ff.o
                0x08006446                f_getfree
 .text.f_gets   0x080065b0       0x7c ./Middlewares/Third_Party/FatFs/src/ff.o
                0x080065b0                f_gets
 .text.putc_bfd
                0x0800662c       0x7a ./Middlewares/Third_Party/FatFs/src/ff.o
 .text.putc_flush
                0x080066a6       0x4a ./Middlewares/Third_Party/FatFs/src/ff.o
 .text.putc_init
                0x080066f0       0x2a ./Middlewares/Third_Party/FatFs/src/ff.o
 .text.f_puts   0x0800671a       0x48 ./Middlewares/Third_Party/FatFs/src/ff.o
                0x0800671a                f_puts
 *fill*         0x08006762        0x2 
 .text.FATFS_LinkDriverEx
                0x08006764       0x98 ./Middlewares/Third_Party/FatFs/src/ff_gen_drv.o
                0x08006764                FATFS_LinkDriverEx
 .text.FATFS_LinkDriver
                0x080067fc       0x1e ./Middlewares/Third_Party/FatFs/src/ff_gen_drv.o
                0x080067fc                FATFS_LinkDriver
 *fill*         0x0800681a        0x2 
 .text.ff_convert
                0x0800681c       0x78 ./Middlewares/Third_Party/FatFs/src/option/ccsbcs.o
                0x0800681c                ff_convert
 .text.ff_wtoupper
                0x08006894      0x114 ./Middlewares/Third_Party/FatFs/src/option/ccsbcs.o
                0x08006894                ff_wtoupper
 .text.std      0x080069a8       0x6c D:/STM32CubeIDE_1.17.0/STM32CubeIDE/plugins/com.st.stm32cube.ide.mcu.externaltools.gnu-tools-for-stm32.12.3.rel1.win32_1.1.0.202410251130/tools/bin/../lib/gcc/arm-none-eabi/12.3.1/../../../../arm-none-eabi/lib/thumb/v7e-m+fp/hard\libc_nano.a(libc_a-findfp.o)
 .text.stdio_exit_handler
                0x08006a14       0x18 D:/STM32CubeIDE_1.17.0/STM32CubeIDE/plugins/com.st.stm32cube.ide.mcu.externaltools.gnu-tools-for-stm32.12.3.rel1.win32_1.1.0.202410251130/tools/bin/../lib/gcc/arm-none-eabi/12.3.1/../../../../arm-none-eabi/lib/thumb/v7e-m+fp/hard\libc_nano.a(libc_a-findfp.o)
 .text.cleanup_stdio
                0x08006a2c       0x40 D:/STM32CubeIDE_1.17.0/STM32CubeIDE/plugins/com.st.stm32cube.ide.mcu.externaltools.gnu-tools-for-stm32.12.3.rel1.win32_1.1.0.202410251130/tools/bin/../lib/gcc/arm-none-eabi/12.3.1/../../../../arm-none-eabi/lib/thumb/v7e-m+fp/hard\libc_nano.a(libc_a-findfp.o)
 .text.global_stdio_init.part.0
                0x08006a6c       0x3c D:/STM32CubeIDE_1.17.0/STM32CubeIDE/plugins/com.st.stm32cube.ide.mcu.externaltools.gnu-tools-for-stm32.12.3.rel1.win32_1.1.0.202410251130/tools/bin/../lib/gcc/arm-none-eabi/12.3.1/../../../../arm-none-eabi/lib/thumb/v7e-m+fp/hard\libc_nano.a(libc_a-findfp.o)
 .text.__sfp_lock_acquire
                0x08006aa8        0xc D:/STM32CubeIDE_1.17.0/STM32CubeIDE/plugins/com.st.stm32cube.ide.mcu.externaltools.gnu-tools-for-stm32.12.3.rel1.win32_1.1.0.202410251130/tools/bin/../lib/gcc/arm-none-eabi/12.3.1/../../../../arm-none-eabi/lib/thumb/v7e-m+fp/hard\libc_nano.a(libc_a-findfp.o)
                0x08006aa8                __sfp_lock_acquire
 .text.__sfp_lock_release
                0x08006ab4        0xc D:/STM32CubeIDE_1.17.0/STM32CubeIDE/plugins/com.st.stm32cube.ide.mcu.externaltools.gnu-tools-for-stm32.12.3.rel1.win32_1.1.0.202410251130/tools/bin/../lib/gcc/arm-none-eabi/12.3.1/../../../../arm-none-eabi/lib/thumb/v7e-m+fp/hard\libc_nano.a(libc_a-findfp.o)
                0x08006ab4                __sfp_lock_release
 .text.__sinit  0x08006ac0       0x30 D:/STM32CubeIDE_1.17.0/STM32CubeIDE/plugins/com.st.stm32cube.ide.mcu.externaltools.gnu-tools-for-stm32.12.3.rel1.win32_1.1.0.202410251130/tools/bin/../lib/gcc/arm-none-eabi/12.3.1/../../../../arm-none-eabi/lib/thumb/v7e-m+fp/hard\libc_nano.a(libc_a-findfp.o)
                0x08006ac0                __sinit
 .text._fwalk_sglue
                0x08006af0       0x3c D:/STM32CubeIDE_1.17.0/STM32CubeIDE/plugins/com.st.stm32cube.ide.mcu.externaltools.gnu-tools-for-stm32.12.3.rel1.win32_1.1.0.202410251130/tools/bin/../lib/gcc/arm-none-eabi/12.3.1/../../../../arm-none-eabi/lib/thumb/v7e-m+fp/hard\libc_nano.a(libc_a-fwalk.o)
                0x08006af0                _fwalk_sglue
 .text.printf   0x08006b2c       0x24 D:/STM32CubeIDE_1.17.0/STM32CubeIDE/plugins/com.st.stm32cube.ide.mcu.externaltools.gnu-tools-for-stm32.12.3.rel1.win32_1.1.0.202410251130/tools/bin/../lib/gcc/arm-none-eabi/12.3.1/../../../../arm-none-eabi/lib/thumb/v7e-m+fp/hard\libc_nano.a(libc_a-printf.o)
                0x08006b2c                iprintf
                0x08006b2c                printf
 .text._puts_r  0x08006b50       0xaa D:/STM32CubeIDE_1.17.0/STM32CubeIDE/plugins/com.st.stm32cube.ide.mcu.externaltools.gnu-tools-for-stm32.12.3.rel1.win32_1.1.0.202410251130/tools/bin/../lib/gcc/arm-none-eabi/12.3.1/../../../../arm-none-eabi/lib/thumb/v7e-m+fp/hard\libc_nano.a(libc_a-puts.o)
                0x08006b50                _puts_r
 *fill*         0x08006bfa        0x2 
 .text.puts     0x08006bfc       0x10 D:/STM32CubeIDE_1.17.0/STM32CubeIDE/plugins/com.st.stm32cube.ide.mcu.externaltools.gnu-tools-for-stm32.12.3.rel1.win32_1.1.0.202410251130/tools/bin/../lib/gcc/arm-none-eabi/12.3.1/../../../../arm-none-eabi/lib/thumb/v7e-m+fp/hard\libc_nano.a(libc_a-puts.o)
                0x08006bfc                puts
 .text.sprintf  0x08006c0c       0x40 D:/STM32CubeIDE_1.17.0/STM32CubeIDE/plugins/com.st.stm32cube.ide.mcu.externaltools.gnu-tools-for-stm32.12.3.rel1.win32_1.1.0.202410251130/tools/bin/../lib/gcc/arm-none-eabi/12.3.1/../../../../arm-none-eabi/lib/thumb/v7e-m+fp/hard\libc_nano.a(libc_a-sprintf.o)
                0x08006c0c                siprintf
                0x08006c0c                sprintf
 .text.__sread  0x08006c4c       0x22 D:/STM32CubeIDE_1.17.0/STM32CubeIDE/plugins/com.st.stm32cube.ide.mcu.externaltools.gnu-tools-for-stm32.12.3.rel1.win32_1.1.0.202410251130/tools/bin/../lib/gcc/arm-none-eabi/12.3.1/../../../../arm-none-eabi/lib/thumb/v7e-m+fp/hard\libc_nano.a(libc_a-stdio.o)
                0x08006c4c                __sread
 .text.__swrite
                0x08006c6e       0x38 D:/STM32CubeIDE_1.17.0/STM32CubeIDE/plugins/com.st.stm32cube.ide.mcu.externaltools.gnu-tools-for-stm32.12.3.rel1.win32_1.1.0.202410251130/tools/bin/../lib/gcc/arm-none-eabi/12.3.1/../../../../arm-none-eabi/lib/thumb/v7e-m+fp/hard\libc_nano.a(libc_a-stdio.o)
                0x08006c6e                __swrite
 .text.__sseek  0x08006ca6       0x24 D:/STM32CubeIDE_1.17.0/STM32CubeIDE/plugins/com.st.stm32cube.ide.mcu.externaltools.gnu-tools-for-stm32.12.3.rel1.win32_1.1.0.202410251130/tools/bin/../lib/gcc/arm-none-eabi/12.3.1/../../../../arm-none-eabi/lib/thumb/v7e-m+fp/hard\libc_nano.a(libc_a-stdio.o)
                0x08006ca6                __sseek
 .text.__sclose
                0x08006cca        0x8 D:/STM32CubeIDE_1.17.0/STM32CubeIDE/plugins/com.st.stm32cube.ide.mcu.externaltools.gnu-tools-for-stm32.12.3.rel1.win32_1.1.0.202410251130/tools/bin/../lib/gcc/arm-none-eabi/12.3.1/../../../../arm-none-eabi/lib/thumb/v7e-m+fp/hard\libc_nano.a(libc_a-stdio.o)
                0x08006cca                __sclose
 .text.__swbuf_r
                0x08006cd2       0x7c D:/STM32CubeIDE_1.17.0/STM32CubeIDE/plugins/com.st.stm32cube.ide.mcu.externaltools.gnu-tools-for-stm32.12.3.rel1.win32_1.1.0.202410251130/tools/bin/../lib/gcc/arm-none-eabi/12.3.1/../../../../arm-none-eabi/lib/thumb/v7e-m+fp/hard\libc_nano.a(libc_a-wbuf.o)
                0x08006cd2                __swbuf_r
 *fill*         0x08006d4e        0x2 
 .text.__swsetup_r
                0x08006d50       0xac D:/STM32CubeIDE_1.17.0/STM32CubeIDE/plugins/com.st.stm32cube.ide.mcu.externaltools.gnu-tools-for-stm32.12.3.rel1.win32_1.1.0.202410251130/tools/bin/../lib/gcc/arm-none-eabi/12.3.1/../../../../arm-none-eabi/lib/thumb/v7e-m+fp/hard\libc_nano.a(libc_a-wsetup.o)
                0x08006d50                __swsetup_r
 .text.memset   0x08006dfc       0x10 D:/STM32CubeIDE_1.17.0/STM32CubeIDE/plugins/com.st.stm32cube.ide.mcu.externaltools.gnu-tools-for-stm32.12.3.rel1.win32_1.1.0.202410251130/tools/bin/../lib/gcc/arm-none-eabi/12.3.1/../../../../arm-none-eabi/lib/thumb/v7e-m+fp/hard\libc_nano.a(libc_a-memset.o)
                0x08006dfc                memset
 .text._close_r
                0x08006e0c       0x20 D:/STM32CubeIDE_1.17.0/STM32CubeIDE/plugins/com.st.stm32cube.ide.mcu.externaltools.gnu-tools-for-stm32.12.3.rel1.win32_1.1.0.202410251130/tools/bin/../lib/gcc/arm-none-eabi/12.3.1/../../../../arm-none-eabi/lib/thumb/v7e-m+fp/hard\libc_nano.a(libc_a-closer.o)
                0x08006e0c                _close_r
 .text._lseek_r
                0x08006e2c       0x24 D:/STM32CubeIDE_1.17.0/STM32CubeIDE/plugins/com.st.stm32cube.ide.mcu.externaltools.gnu-tools-for-stm32.12.3.rel1.win32_1.1.0.202410251130/tools/bin/../lib/gcc/arm-none-eabi/12.3.1/../../../../arm-none-eabi/lib/thumb/v7e-m+fp/hard\libc_nano.a(libc_a-lseekr.o)
                0x08006e2c                _lseek_r
 .text._read_r  0x08006e50       0x24 D:/STM32CubeIDE_1.17.0/STM32CubeIDE/plugins/com.st.stm32cube.ide.mcu.externaltools.gnu-tools-for-stm32.12.3.rel1.win32_1.1.0.202410251130/tools/bin/../lib/gcc/arm-none-eabi/12.3.1/../../../../arm-none-eabi/lib/thumb/v7e-m+fp/hard\libc_nano.a(libc_a-readr.o)
                0x08006e50                _read_r
 .text._write_r
                0x08006e74       0x24 D:/STM32CubeIDE_1.17.0/STM32CubeIDE/plugins/com.st.stm32cube.ide.mcu.externaltools.gnu-tools-for-stm32.12.3.rel1.win32_1.1.0.202410251130/tools/bin/../lib/gcc/arm-none-eabi/12.3.1/../../../../arm-none-eabi/lib/thumb/v7e-m+fp/hard\libc_nano.a(libc_a-writer.o)
                0x08006e74                _write_r
 .text.__errno  0x08006e98        0xc D:/STM32CubeIDE_1.17.0/STM32CubeIDE/plugins/com.st.stm32cube.ide.mcu.externaltools.gnu-tools-for-stm32.12.3.rel1.win32_1.1.0.202410251130/tools/bin/../lib/gcc/arm-none-eabi/12.3.1/../../../../arm-none-eabi/lib/thumb/v7e-m+fp/hard\libc_nano.a(libc_a-errno.o)
                0x08006e98                __errno
 .text.__libc_init_array
                0x08006ea4       0x48 D:/STM32CubeIDE_1.17.0/STM32CubeIDE/plugins/com.st.stm32cube.ide.mcu.externaltools.gnu-tools-for-stm32.12.3.rel1.win32_1.1.0.202410251130/tools/bin/../lib/gcc/arm-none-eabi/12.3.1/../../../../arm-none-eabi/lib/thumb/v7e-m+fp/hard\libc_nano.a(libc_a-init.o)
                0x08006ea4                __libc_init_array
 .text.__retarget_lock_init_recursive
                0x08006eec        0x2 D:/STM32CubeIDE_1.17.0/STM32CubeIDE/plugins/com.st.stm32cube.ide.mcu.externaltools.gnu-tools-for-stm32.12.3.rel1.win32_1.1.0.202410251130/tools/bin/../lib/gcc/arm-none-eabi/12.3.1/../../../../arm-none-eabi/lib/thumb/v7e-m+fp/hard\libc_nano.a(libc_a-lock.o)
                0x08006eec                __retarget_lock_init_recursive
 .text.__retarget_lock_acquire_recursive
                0x08006eee        0x2 D:/STM32CubeIDE_1.17.0/STM32CubeIDE/plugins/com.st.stm32cube.ide.mcu.externaltools.gnu-tools-for-stm32.12.3.rel1.win32_1.1.0.202410251130/tools/bin/../lib/gcc/arm-none-eabi/12.3.1/../../../../arm-none-eabi/lib/thumb/v7e-m+fp/hard\libc_nano.a(libc_a-lock.o)
                0x08006eee                __retarget_lock_acquire_recursive
 .text.__retarget_lock_release_recursive
                0x08006ef0        0x2 D:/STM32CubeIDE_1.17.0/STM32CubeIDE/plugins/com.st.stm32cube.ide.mcu.externaltools.gnu-tools-for-stm32.12.3.rel1.win32_1.1.0.202410251130/tools/bin/../lib/gcc/arm-none-eabi/12.3.1/../../../../arm-none-eabi/lib/thumb/v7e-m+fp/hard\libc_nano.a(libc_a-lock.o)
                0x08006ef0                __retarget_lock_release_recursive
 *fill*         0x08006ef2        0x2 
 .text._free_r  0x08006ef4       0x94 D:/STM32CubeIDE_1.17.0/STM32CubeIDE/plugins/com.st.stm32cube.ide.mcu.externaltools.gnu-tools-for-stm32.12.3.rel1.win32_1.1.0.202410251130/tools/bin/../lib/gcc/arm-none-eabi/12.3.1/../../../../arm-none-eabi/lib/thumb/v7e-m+fp/hard\libc_nano.a(libc_a-freer.o)
                0x08006ef4                _free_r
 .text.sbrk_aligned
                0x08006f88       0x44 D:/STM32CubeIDE_1.17.0/STM32CubeIDE/plugins/com.st.stm32cube.ide.mcu.externaltools.gnu-tools-for-stm32.12.3.rel1.win32_1.1.0.202410251130/tools/bin/../lib/gcc/arm-none-eabi/12.3.1/../../../../arm-none-eabi/lib/thumb/v7e-m+fp/hard\libc_nano.a(libc_a-mallocr.o)
 .text._malloc_r
                0x08006fcc      0x100 D:/STM32CubeIDE_1.17.0/STM32CubeIDE/plugins/com.st.stm32cube.ide.mcu.externaltools.gnu-tools-for-stm32.12.3.rel1.win32_1.1.0.202410251130/tools/bin/../lib/gcc/arm-none-eabi/12.3.1/../../../../arm-none-eabi/lib/thumb/v7e-m+fp/hard\libc_nano.a(libc_a-mallocr.o)
                0x08006fcc                _malloc_r
 .text.__malloc_lock
                0x080070cc        0xc D:/STM32CubeIDE_1.17.0/STM32CubeIDE/plugins/com.st.stm32cube.ide.mcu.externaltools.gnu-tools-for-stm32.12.3.rel1.win32_1.1.0.202410251130/tools/bin/../lib/gcc/arm-none-eabi/12.3.1/../../../../arm-none-eabi/lib/thumb/v7e-m+fp/hard\libc_nano.a(libc_a-mlock.o)
                0x080070cc                __malloc_lock
 .text.__malloc_unlock
                0x080070d8        0xc D:/STM32CubeIDE_1.17.0/STM32CubeIDE/plugins/com.st.stm32cube.ide.mcu.externaltools.gnu-tools-for-stm32.12.3.rel1.win32_1.1.0.202410251130/tools/bin/../lib/gcc/arm-none-eabi/12.3.1/../../../../arm-none-eabi/lib/thumb/v7e-m+fp/hard\libc_nano.a(libc_a-mlock.o)
                0x080070d8                __malloc_unlock
 .text.__ssputs_r
                0x080070e4       0xb6 D:/STM32CubeIDE_1.17.0/STM32CubeIDE/plugins/com.st.stm32cube.ide.mcu.externaltools.gnu-tools-for-stm32.12.3.rel1.win32_1.1.0.202410251130/tools/bin/../lib/gcc/arm-none-eabi/12.3.1/../../../../arm-none-eabi/lib/thumb/v7e-m+fp/hard\libc_nano.a(libc_a-nano-svfprintf.o)
                0x080070e4                __ssputs_r
 *fill*         0x0800719a        0x2 
 .text._svfprintf_r
                0x0800719c      0x1f8 D:/STM32CubeIDE_1.17.0/STM32CubeIDE/plugins/com.st.stm32cube.ide.mcu.externaltools.gnu-tools-for-stm32.12.3.rel1.win32_1.1.0.202410251130/tools/bin/../lib/gcc/arm-none-eabi/12.3.1/../../../../arm-none-eabi/lib/thumb/v7e-m+fp/hard\libc_nano.a(libc_a-nano-svfprintf.o)
                0x0800719c                _svfiprintf_r
                0x0800719c                _svfprintf_r
 .text.__sfputc_r
                0x08007394       0x2e D:/STM32CubeIDE_1.17.0/STM32CubeIDE/plugins/com.st.stm32cube.ide.mcu.externaltools.gnu-tools-for-stm32.12.3.rel1.win32_1.1.0.202410251130/tools/bin/../lib/gcc/arm-none-eabi/12.3.1/../../../../arm-none-eabi/lib/thumb/v7e-m+fp/hard\libc_nano.a(libc_a-nano-vfprintf.o)
 .text.__sfputs_r
                0x080073c2       0x24 D:/STM32CubeIDE_1.17.0/STM32CubeIDE/plugins/com.st.stm32cube.ide.mcu.externaltools.gnu-tools-for-stm32.12.3.rel1.win32_1.1.0.202410251130/tools/bin/../lib/gcc/arm-none-eabi/12.3.1/../../../../arm-none-eabi/lib/thumb/v7e-m+fp/hard\libc_nano.a(libc_a-nano-vfprintf.o)
                0x080073c2                __sfputs_r
 *fill*         0x080073e6        0x2 
 .text._vfprintf_r
                0x080073e8      0x230 D:/STM32CubeIDE_1.17.0/STM32CubeIDE/plugins/com.st.stm32cube.ide.mcu.externaltools.gnu-tools-for-stm32.12.3.rel1.win32_1.1.0.202410251130/tools/bin/../lib/gcc/arm-none-eabi/12.3.1/../../../../arm-none-eabi/lib/thumb/v7e-m+fp/hard\libc_nano.a(libc_a-nano-vfprintf.o)
                0x080073e8                _vfprintf_r
                0x080073e8                _vfiprintf_r
 .text._printf_common
                0x08007618       0xda D:/STM32CubeIDE_1.17.0/STM32CubeIDE/plugins/com.st.stm32cube.ide.mcu.externaltools.gnu-tools-for-stm32.12.3.rel1.win32_1.1.0.202410251130/tools/bin/../lib/gcc/arm-none-eabi/12.3.1/../../../../arm-none-eabi/lib/thumb/v7e-m+fp/hard\libc_nano.a(libc_a-nano-vfprintf_i.o)
                0x08007618                _printf_common
 *fill*         0x080076f2        0x2 
 .text._printf_i
                0x080076f4      0x240 D:/STM32CubeIDE_1.17.0/STM32CubeIDE/plugins/com.st.stm32cube.ide.mcu.externaltools.gnu-tools-for-stm32.12.3.rel1.win32_1.1.0.202410251130/tools/bin/../lib/gcc/arm-none-eabi/12.3.1/../../../../arm-none-eabi/lib/thumb/v7e-m+fp/hard\libc_nano.a(libc_a-nano-vfprintf_i.o)
                0x080076f4                _printf_i
 .text.__sflush_r
                0x08007934      0x108 D:/STM32CubeIDE_1.17.0/STM32CubeIDE/plugins/com.st.stm32cube.ide.mcu.externaltools.gnu-tools-for-stm32.12.3.rel1.win32_1.1.0.202410251130/tools/bin/../lib/gcc/arm-none-eabi/12.3.1/../../../../arm-none-eabi/lib/thumb/v7e-m+fp/hard\libc_nano.a(libc_a-fflush.o)
                0x08007934                __sflush_r
 .text._fflush_r
                0x08007a3c       0x50 D:/STM32CubeIDE_1.17.0/STM32CubeIDE/plugins/com.st.stm32cube.ide.mcu.externaltools.gnu-tools-for-stm32.12.3.rel1.win32_1.1.0.202410251130/tools/bin/../lib/gcc/arm-none-eabi/12.3.1/../../../../arm-none-eabi/lib/thumb/v7e-m+fp/hard\libc_nano.a(libc_a-fflush.o)
                0x08007a3c                _fflush_r
 .text.__swhatbuf_r
                0x08007a8c       0x4c D:/STM32CubeIDE_1.17.0/STM32CubeIDE/plugins/com.st.stm32cube.ide.mcu.externaltools.gnu-tools-for-stm32.12.3.rel1.win32_1.1.0.202410251130/tools/bin/../lib/gcc/arm-none-eabi/12.3.1/../../../../arm-none-eabi/lib/thumb/v7e-m+fp/hard\libc_nano.a(libc_a-makebuf.o)
                0x08007a8c                __swhatbuf_r
 .text.__smakebuf_r
                0x08007ad8       0x78 D:/STM32CubeIDE_1.17.0/STM32CubeIDE/plugins/com.st.stm32cube.ide.mcu.externaltools.gnu-tools-for-stm32.12.3.rel1.win32_1.1.0.202410251130/tools/bin/../lib/gcc/arm-none-eabi/12.3.1/../../../../arm-none-eabi/lib/thumb/v7e-m+fp/hard\libc_nano.a(libc_a-makebuf.o)
                0x08007ad8                __smakebuf_r
 .text.memmove  0x08007b50       0x34 D:/STM32CubeIDE_1.17.0/STM32CubeIDE/plugins/com.st.stm32cube.ide.mcu.externaltools.gnu-tools-for-stm32.12.3.rel1.win32_1.1.0.202410251130/tools/bin/../lib/gcc/arm-none-eabi/12.3.1/../../../../arm-none-eabi/lib/thumb/v7e-m+fp/hard\libc_nano.a(libc_a-memmove.o)
                0x08007b50                memmove
 .text._fstat_r
                0x08007b84       0x24 D:/STM32CubeIDE_1.17.0/STM32CubeIDE/plugins/com.st.stm32cube.ide.mcu.externaltools.gnu-tools-for-stm32.12.3.rel1.win32_1.1.0.202410251130/tools/bin/../lib/gcc/arm-none-eabi/12.3.1/../../../../arm-none-eabi/lib/thumb/v7e-m+fp/hard\libc_nano.a(libc_a-fstatr.o)
                0x08007b84                _fstat_r
 .text._isatty_r
                0x08007ba8       0x20 D:/STM32CubeIDE_1.17.0/STM32CubeIDE/plugins/com.st.stm32cube.ide.mcu.externaltools.gnu-tools-for-stm32.12.3.rel1.win32_1.1.0.202410251130/tools/bin/../lib/gcc/arm-none-eabi/12.3.1/../../../../arm-none-eabi/lib/thumb/v7e-m+fp/hard\libc_nano.a(libc_a-isattyr.o)
                0x08007ba8                _isatty_r
 .text._sbrk_r  0x08007bc8       0x20 D:/STM32CubeIDE_1.17.0/STM32CubeIDE/plugins/com.st.stm32cube.ide.mcu.externaltools.gnu-tools-for-stm32.12.3.rel1.win32_1.1.0.202410251130/tools/bin/../lib/gcc/arm-none-eabi/12.3.1/../../../../arm-none-eabi/lib/thumb/v7e-m+fp/hard\libc_nano.a(libc_a-sbrkr.o)
                0x08007bc8                _sbrk_r
 .text.memcpy   0x08007be8       0x1c D:/STM32CubeIDE_1.17.0/STM32CubeIDE/plugins/com.st.stm32cube.ide.mcu.externaltools.gnu-tools-for-stm32.12.3.rel1.win32_1.1.0.202410251130/tools/bin/../lib/gcc/arm-none-eabi/12.3.1/../../../../arm-none-eabi/lib/thumb/v7e-m+fp/hard\libc_nano.a(libc_a-memcpy-stub.o)
                0x08007be8                memcpy
 .text._realloc_r
                0x08007c04       0x5c D:/STM32CubeIDE_1.17.0/STM32CubeIDE/plugins/com.st.stm32cube.ide.mcu.externaltools.gnu-tools-for-stm32.12.3.rel1.win32_1.1.0.202410251130/tools/bin/../lib/gcc/arm-none-eabi/12.3.1/../../../../arm-none-eabi/lib/thumb/v7e-m+fp/hard\libc_nano.a(libc_a-reallocr.o)
                0x08007c04                _realloc_r
 .text._malloc_usable_size_r
                0x08007c60       0x10 D:/STM32CubeIDE_1.17.0/STM32CubeIDE/plugins/com.st.stm32cube.ide.mcu.externaltools.gnu-tools-for-stm32.12.3.rel1.win32_1.1.0.202410251130/tools/bin/../lib/gcc/arm-none-eabi/12.3.1/../../../../arm-none-eabi/lib/thumb/v7e-m+fp/hard\libc_nano.a(libc_a-msizer.o)
                0x08007c60                _malloc_usable_size_r
 *(.glue_7)
 .glue_7        0x08007c70        0x0 linker stubs
 *(.glue_7t)
 .glue_7t       0x08007c70        0x0 linker stubs
 *(.eh_frame)
 .eh_frame      0x08007c70        0x0 D:/STM32CubeIDE_1.17.0/STM32CubeIDE/plugins/com.st.stm32cube.ide.mcu.externaltools.gnu-tools-for-stm32.12.3.rel1.win32_1.1.0.202410251130/tools/bin/../lib/gcc/arm-none-eabi/12.3.1/thumb/v7e-m+fp/hard/crtbegin.o
 *(.init)
 .init          0x08007c70        0x4 D:/STM32CubeIDE_1.17.0/STM32CubeIDE/plugins/com.st.stm32cube.ide.mcu.externaltools.gnu-tools-for-stm32.12.3.rel1.win32_1.1.0.202410251130/tools/bin/../lib/gcc/arm-none-eabi/12.3.1/thumb/v7e-m+fp/hard/crti.o
                0x08007c70                _init
 .init          0x08007c74        0x8 D:/STM32CubeIDE_1.17.0/STM32CubeIDE/plugins/com.st.stm32cube.ide.mcu.externaltools.gnu-tools-for-stm32.12.3.rel1.win32_1.1.0.202410251130/tools/bin/../lib/gcc/arm-none-eabi/12.3.1/thumb/v7e-m+fp/hard/crtn.o
 *(.fini)
 .fini          0x08007c7c        0x4 D:/STM32CubeIDE_1.17.0/STM32CubeIDE/plugins/com.st.stm32cube.ide.mcu.externaltools.gnu-tools-for-stm32.12.3.rel1.win32_1.1.0.202410251130/tools/bin/../lib/gcc/arm-none-eabi/12.3.1/thumb/v7e-m+fp/hard/crti.o
                0x08007c7c                _fini
 .fini          0x08007c80        0x8 D:/STM32CubeIDE_1.17.0/STM32CubeIDE/plugins/com.st.stm32cube.ide.mcu.externaltools.gnu-tools-for-stm32.12.3.rel1.win32_1.1.0.202410251130/tools/bin/../lib/gcc/arm-none-eabi/12.3.1/thumb/v7e-m+fp/hard/crtn.o
                0x08007c88                        . = ALIGN (0x4)
                0x08007c88                        _etext = .

.vfp11_veneer   0x08007c88        0x0
 .vfp11_veneer  0x08007c88        0x0 linker stubs

.v4_bx          0x08007c88        0x0
 .v4_bx         0x08007c88        0x0 linker stubs

.iplt           0x08007c88        0x0
 .iplt          0x08007c88        0x0 D:/STM32CubeIDE_1.17.0/STM32CubeIDE/plugins/com.st.stm32cube.ide.mcu.externaltools.gnu-tools-for-stm32.12.3.rel1.win32_1.1.0.202410251130/tools/bin/../lib/gcc/arm-none-eabi/12.3.1/thumb/v7e-m+fp/hard/crtbegin.o

.rodata         0x08007c88      0x670
                0x08007c88                        . = ALIGN (0x4)
 *(.rodata)
 .rodata        0x08007c88      0x1a2 ./Core/Src/main.o
 *fill*         0x08007e2a        0x2 
 .rodata        0x08007e2c       0x48 ./Middlewares/Third_Party/FatFs/src/ff.o
 *(.rodata*)
 .rodata.AHBPrescTable
                0x08007e74       0x10 ./Core/Src/system_stm32f4xx.o
                0x08007e74                AHBPrescTable
 .rodata.ExCvt  0x08007e84       0x80 ./Middlewares/Third_Party/FatFs/src/ff.o
 .rodata.LfnOfs
                0x08007f04        0xd ./Middlewares/Third_Party/FatFs/src/ff.o
 *fill*         0x08007f11        0x3 
 .rodata.Tbl    0x08007f14      0x100 ./Middlewares/Third_Party/FatFs/src/option/ccsbcs.o
 .rodata.cvt1.1
                0x08008014      0x1f2 ./Middlewares/Third_Party/FatFs/src/option/ccsbcs.o
 *fill*         0x08008206        0x2 
 .rodata.cvt2.0
                0x08008208       0xbc ./Middlewares/Third_Party/FatFs/src/option/ccsbcs.o
 .rodata._svfprintf_r.str1.1
                0x080082c4       0x11 D:/STM32CubeIDE_1.17.0/STM32CubeIDE/plugins/com.st.stm32cube.ide.mcu.externaltools.gnu-tools-for-stm32.12.3.rel1.win32_1.1.0.202410251130/tools/bin/../lib/gcc/arm-none-eabi/12.3.1/../../../../arm-none-eabi/lib/thumb/v7e-m+fp/hard\libc_nano.a(libc_a-nano-svfprintf.o)
 .rodata._vfprintf_r.str1.1
                0x080082d5       0x11 D:/STM32CubeIDE_1.17.0/STM32CubeIDE/plugins/com.st.stm32cube.ide.mcu.externaltools.gnu-tools-for-stm32.12.3.rel1.win32_1.1.0.202410251130/tools/bin/../lib/gcc/arm-none-eabi/12.3.1/../../../../arm-none-eabi/lib/thumb/v7e-m+fp/hard\libc_nano.a(libc_a-nano-vfprintf.o)
 .rodata._printf_i.str1.1
                0x080082d5       0x22 D:/STM32CubeIDE_1.17.0/STM32CubeIDE/plugins/com.st.stm32cube.ide.mcu.externaltools.gnu-tools-for-stm32.12.3.rel1.win32_1.1.0.202410251130/tools/bin/../lib/gcc/arm-none-eabi/12.3.1/../../../../arm-none-eabi/lib/thumb/v7e-m+fp/hard\libc_nano.a(libc_a-nano-vfprintf_i.o)
                0x080082f8                        . = ALIGN (0x4)
 *fill*         0x080082f7        0x1 

.ARM.extab      0x080082f8        0x0
                0x080082f8                        . = ALIGN (0x4)
 *(.ARM.extab* .gnu.linkonce.armextab.*)
                0x080082f8                        . = ALIGN (0x4)

.ARM            0x080082f8        0x8
                0x080082f8                        . = ALIGN (0x4)
                0x080082f8                        __exidx_start = .
 *(.ARM.exidx*)
 .ARM.exidx     0x080082f8        0x8 D:/STM32CubeIDE_1.17.0/STM32CubeIDE/plugins/com.st.stm32cube.ide.mcu.externaltools.gnu-tools-for-stm32.12.3.rel1.win32_1.1.0.202410251130/tools/bin/../lib/gcc/arm-none-eabi/12.3.1/../../../../arm-none-eabi/lib/thumb/v7e-m+fp/hard\libc_nano.a(libc_a-memchr.o)
 .ARM.exidx     0x08008300        0x0 D:/STM32CubeIDE_1.17.0/STM32CubeIDE/plugins/com.st.stm32cube.ide.mcu.externaltools.gnu-tools-for-stm32.12.3.rel1.win32_1.1.0.202410251130/tools/bin/../lib/gcc/arm-none-eabi/12.3.1/thumb/v7e-m+fp/hard\libgcc.a(_udivmoddi4.o)
                                  0x8 (size before relaxing)
                0x08008300                        __exidx_end = .
                0x08008300                        . = ALIGN (0x4)

.preinit_array  0x08008300        0x0
                0x08008300                        . = ALIGN (0x4)
                0x08008300                        PROVIDE (__preinit_array_start = .)
 *(.preinit_array*)
                0x08008300                        PROVIDE (__preinit_array_end = .)
                0x08008300                        . = ALIGN (0x4)

.init_array     0x08008300        0x4
                0x08008300                        . = ALIGN (0x4)
                0x08008300                        PROVIDE (__init_array_start = .)
 *(SORT_BY_NAME(.init_array.*))
 *(.init_array*)
 .init_array    0x08008300        0x4 D:/STM32CubeIDE_1.17.0/STM32CubeIDE/plugins/com.st.stm32cube.ide.mcu.externaltools.gnu-tools-for-stm32.12.3.rel1.win32_1.1.0.202410251130/tools/bin/../lib/gcc/arm-none-eabi/12.3.1/thumb/v7e-m+fp/hard/crtbegin.o
                0x08008304                        PROVIDE (__init_array_end = .)
                0x08008304                        . = ALIGN (0x4)

.fini_array     0x08008304        0x4
                0x08008304                        . = ALIGN (0x4)
                [!provide]                        PROVIDE (__fini_array_start = .)
 *(SORT_BY_NAME(.fini_array.*))
 *(.fini_array*)
 .fini_array    0x08008304        0x4 D:/STM32CubeIDE_1.17.0/STM32CubeIDE/plugins/com.st.stm32cube.ide.mcu.externaltools.gnu-tools-for-stm32.12.3.rel1.win32_1.1.0.202410251130/tools/bin/../lib/gcc/arm-none-eabi/12.3.1/thumb/v7e-m+fp/hard/crtbegin.o
                [!provide]                        PROVIDE (__fini_array_end = .)
                0x08008308                        . = ALIGN (0x4)
                0x08008308                        _sidata = LOADADDR (.data)

.rel.dyn        0x08008308        0x0
 .rel.iplt      0x08008308        0x0 D:/STM32CubeIDE_1.17.0/STM32CubeIDE/plugins/com.st.stm32cube.ide.mcu.externaltools.gnu-tools-for-stm32.12.3.rel1.win32_1.1.0.202410251130/tools/bin/../lib/gcc/arm-none-eabi/12.3.1/thumb/v7e-m+fp/hard/crtbegin.o

.data           0x20000000       0x80 load address 0x08008308
                0x20000000                        . = ALIGN (0x4)
                0x20000000                        _sdata = .
 *(.data)
 *(.data*)
 .data.Stat     0x20000000        0x1 ./Core/Src/fatfs_sd.o
 *fill*         0x20000001        0x3 
 .data.SystemCoreClock
                0x20000004        0x4 ./Core/Src/system_stm32f4xx.o
                0x20000004                SystemCoreClock
 .data.uwTickPrio
                0x20000008        0x4 ./Drivers/STM32F4xx_HAL_Driver/Src/stm32f4xx_hal.o
                0x20000008                uwTickPrio
 .data.uwTickFreq
                0x2000000c        0x1 ./Drivers/STM32F4xx_HAL_Driver/Src/stm32f4xx_hal.o
                0x2000000c                uwTickFreq
 *fill*         0x2000000d        0x3 
 .data.USER_Driver
                0x20000010       0x14 ./FATFS/Target/user_diskio.o
                0x20000010                USER_Driver
 .data.__sglue  0x20000024        0xc D:/STM32CubeIDE_1.17.0/STM32CubeIDE/plugins/com.st.stm32cube.ide.mcu.externaltools.gnu-tools-for-stm32.12.3.rel1.win32_1.1.0.202410251130/tools/bin/../lib/gcc/arm-none-eabi/12.3.1/../../../../arm-none-eabi/lib/thumb/v7e-m+fp/hard\libc_nano.a(libc_a-findfp.o)
                0x20000024                __sglue
 .data._impure_ptr
                0x20000030        0x4 D:/STM32CubeIDE_1.17.0/STM32CubeIDE/plugins/com.st.stm32cube.ide.mcu.externaltools.gnu-tools-for-stm32.12.3.rel1.win32_1.1.0.202410251130/tools/bin/../lib/gcc/arm-none-eabi/12.3.1/../../../../arm-none-eabi/lib/thumb/v7e-m+fp/hard\libc_nano.a(libc_a-impure.o)
                0x20000030                _impure_ptr
 .data._impure_data
                0x20000034       0x4c D:/STM32CubeIDE_1.17.0/STM32CubeIDE/plugins/com.st.stm32cube.ide.mcu.externaltools.gnu-tools-for-stm32.12.3.rel1.win32_1.1.0.202410251130/tools/bin/../lib/gcc/arm-none-eabi/12.3.1/../../../../arm-none-eabi/lib/thumb/v7e-m+fp/hard\libc_nano.a(libc_a-impure.o)
                0x20000034                _impure_data
 *(.RamFunc)
 *(.RamFunc*)
                0x20000080                        . = ALIGN (0x4)
                0x20000080                        _edata = .
                0x08008388                        _siccmram = LOADADDR (.ccmram)

.igot.plt       0x20000080        0x0 load address 0x08008388
 .igot.plt      0x20000080        0x0 D:/STM32CubeIDE_1.17.0/STM32CubeIDE/plugins/com.st.stm32cube.ide.mcu.externaltools.gnu-tools-for-stm32.12.3.rel1.win32_1.1.0.202410251130/tools/bin/../lib/gcc/arm-none-eabi/12.3.1/thumb/v7e-m+fp/hard/crtbegin.o

.ccmram         0x10000000        0x0 load address 0x08008388
                0x10000000                        . = ALIGN (0x4)
                0x10000000                        _sccmram = .
 *(.ccmram)
 *(.ccmram*)
                0x10000000                        . = ALIGN (0x4)
                0x10000000                        _eccmram = .
                0x10000000                        . = ALIGN (0x4)

.bss            0x20000080     0x288c
                0x20000080                        _sbss = .
                0x20000080                        __bss_start__ = _sbss
 *(.bss)
 .bss           0x20000080       0x1c D:/STM32CubeIDE_1.17.0/STM32CubeIDE/plugins/com.st.stm32cube.ide.mcu.externaltools.gnu-tools-for-stm32.12.3.rel1.win32_1.1.0.202410251130/tools/bin/../lib/gcc/arm-none-eabi/12.3.1/thumb/v7e-m+fp/hard/crtbegin.o
 *(.bss*)
 .bss.Timer1    0x2000009c        0x2 ./Core/Src/fatfs_sd.o
                0x2000009c                Timer1
 .bss.Timer2    0x2000009e        0x2 ./Core/Src/fatfs_sd.o
                0x2000009e                Timer2
 .bss.CardType  0x200000a0        0x1 ./Core/Src/fatfs_sd.o
 .bss.PowerFlag
                0x200000a1        0x1 ./Core/Src/fatfs_sd.o
 *fill*         0x200000a2        0x2 
 .bss.fs        0x200000a4     0x1038 ./Core/Src/main.o
                0x200000a4                fs
 .bss.fil       0x200010dc     0x1030 ./Core/Src/main.o
                0x200010dc                fil
 .bss.fresult   0x2000210c        0x1 ./Core/Src/main.o
                0x2000210c                fresult
 *fill*         0x2000210d        0x3 
 .bss.buffer    0x20002110      0x400 ./Core/Src/main.o
                0x20002110                buffer
 .bss.pfs       0x20002510        0x4 ./Core/Src/main.o
                0x20002510                pfs
 .bss.fre_clust
                0x20002514        0x4 ./Core/Src/main.o
                0x20002514                fre_clust
 .bss.total     0x20002518        0x4 ./Core/Src/main.o
                0x20002518                total
 .bss.free_space
                0x2000251c        0x4 ./Core/Src/main.o
                0x2000251c                free_space
 .bss.hspi1     0x20002520       0x58 ./Core/Src/main.o
                0x20002520                hspi1
 .bss.FatFsCnt  0x20002578        0x1 ./Core/Src/stm32f4xx_it.o
                0x20002578                FatFsCnt
 .bss.timer1    0x20002579        0x1 ./Core/Src/stm32f4xx_it.o
                0x20002579                timer1
 .bss.timer2    0x2000257a        0x1 ./Core/Src/stm32f4xx_it.o
                0x2000257a                timer2
 *fill*         0x2000257b        0x1 
 .bss.__sbrk_heap_end
                0x2000257c        0x4 ./Core/Src/sysmem.o
 .bss.uwTick    0x20002580        0x4 ./Drivers/STM32F4xx_HAL_Driver/Src/stm32f4xx_hal.o
                0x20002580                uwTick
 .bss.retUSER   0x20002584        0x1 ./FATFS/App/fatfs.o
                0x20002584                retUSER
 *fill*         0x20002585        0x3 
 .bss.USERPath  0x20002588        0x4 ./FATFS/App/fatfs.o
                0x20002588                USERPath
 .bss.FatFs     0x2000258c        0x4 ./Middlewares/Third_Party/FatFs/src/ff.o
 .bss.Fsid      0x20002590        0x2 ./Middlewares/Third_Party/FatFs/src/ff.o
 *fill*         0x20002592        0x2 
 .bss.Files     0x20002594       0x20 ./Middlewares/Third_Party/FatFs/src/ff.o
 .bss.LfnBuf    0x200025b4      0x200 ./Middlewares/Third_Party/FatFs/src/ff.o
 .bss.disk      0x200027b4        0xc ./Middlewares/Third_Party/FatFs/src/ff_gen_drv.o
                0x200027b4                disk
 .bss.__sf      0x200027c0      0x138 D:/STM32CubeIDE_1.17.0/STM32CubeIDE/plugins/com.st.stm32cube.ide.mcu.externaltools.gnu-tools-for-stm32.12.3.rel1.win32_1.1.0.202410251130/tools/bin/../lib/gcc/arm-none-eabi/12.3.1/../../../../arm-none-eabi/lib/thumb/v7e-m+fp/hard\libc_nano.a(libc_a-findfp.o)
                0x200027c0                __sf
 .bss.__stdio_exit_handler
                0x200028f8        0x4 D:/STM32CubeIDE_1.17.0/STM32CubeIDE/plugins/com.st.stm32cube.ide.mcu.externaltools.gnu-tools-for-stm32.12.3.rel1.win32_1.1.0.202410251130/tools/bin/../lib/gcc/arm-none-eabi/12.3.1/../../../../arm-none-eabi/lib/thumb/v7e-m+fp/hard\libc_nano.a(libc_a-findfp.o)
                0x200028f8                __stdio_exit_handler
 .bss.errno     0x200028fc        0x4 D:/STM32CubeIDE_1.17.0/STM32CubeIDE/plugins/com.st.stm32cube.ide.mcu.externaltools.gnu-tools-for-stm32.12.3.rel1.win32_1.1.0.202410251130/tools/bin/../lib/gcc/arm-none-eabi/12.3.1/../../../../arm-none-eabi/lib/thumb/v7e-m+fp/hard\libc_nano.a(libc_a-reent.o)
                0x200028fc                errno
 .bss.__lock___malloc_recursive_mutex
                0x20002900        0x1 D:/STM32CubeIDE_1.17.0/STM32CubeIDE/plugins/com.st.stm32cube.ide.mcu.externaltools.gnu-tools-for-stm32.12.3.rel1.win32_1.1.0.202410251130/tools/bin/../lib/gcc/arm-none-eabi/12.3.1/../../../../arm-none-eabi/lib/thumb/v7e-m+fp/hard\libc_nano.a(libc_a-lock.o)
                0x20002900                __lock___malloc_recursive_mutex
 .bss.__lock___sfp_recursive_mutex
                0x20002901        0x1 D:/STM32CubeIDE_1.17.0/STM32CubeIDE/plugins/com.st.stm32cube.ide.mcu.externaltools.gnu-tools-for-stm32.12.3.rel1.win32_1.1.0.202410251130/tools/bin/../lib/gcc/arm-none-eabi/12.3.1/../../../../arm-none-eabi/lib/thumb/v7e-m+fp/hard\libc_nano.a(libc_a-lock.o)
                0x20002901                __lock___sfp_recursive_mutex
 *fill*         0x20002902        0x2 
 .bss.__malloc_sbrk_start
                0x20002904        0x4 D:/STM32CubeIDE_1.17.0/STM32CubeIDE/plugins/com.st.stm32cube.ide.mcu.externaltools.gnu-tools-for-stm32.12.3.rel1.win32_1.1.0.202410251130/tools/bin/../lib/gcc/arm-none-eabi/12.3.1/../../../../arm-none-eabi/lib/thumb/v7e-m+fp/hard\libc_nano.a(libc_a-mallocr.o)
                0x20002904                __malloc_sbrk_start
 .bss.__malloc_free_list
                0x20002908        0x4 D:/STM32CubeIDE_1.17.0/STM32CubeIDE/plugins/com.st.stm32cube.ide.mcu.externaltools.gnu-tools-for-stm32.12.3.rel1.win32_1.1.0.202410251130/tools/bin/../lib/gcc/arm-none-eabi/12.3.1/../../../../arm-none-eabi/lib/thumb/v7e-m+fp/hard\libc_nano.a(libc_a-mallocr.o)
                0x20002908                __malloc_free_list
 *(COMMON)
                0x2000290c                        . = ALIGN (0x4)
                0x2000290c                        _ebss = .
                0x2000290c                        __bss_end__ = _ebss

._user_heap_stack
                0x2000290c      0x604
                0x20002910                        . = ALIGN (0x8)
 *fill*         0x2000290c        0x4 
                [!provide]                        PROVIDE (end = .)
                0x20002910                        PROVIDE (_end = .)
                0x20002b10                        . = (. + _Min_Heap_Size)
 *fill*         0x20002910      0x200 
                0x20002f10                        . = (. + _Min_Stack_Size)
 *fill*         0x20002b10      0x400 
                0x20002f10                        . = ALIGN (0x8)

/DISCARD/
 libc.a(*)
 libm.a(*)
 libgcc.a(*)

.ARM.attributes
                0x00000000       0x30
 *(.ARM.attributes)
 .ARM.attributes
                0x00000000       0x22 D:/STM32CubeIDE_1.17.0/STM32CubeIDE/plugins/com.st.stm32cube.ide.mcu.externaltools.gnu-tools-for-stm32.12.3.rel1.win32_1.1.0.202410251130/tools/bin/../lib/gcc/arm-none-eabi/12.3.1/thumb/v7e-m+fp/hard/crti.o
 .ARM.attributes
                0x00000022       0x34 D:/STM32CubeIDE_1.17.0/STM32CubeIDE/plugins/com.st.stm32cube.ide.mcu.externaltools.gnu-tools-for-stm32.12.3.rel1.win32_1.1.0.202410251130/tools/bin/../lib/gcc/arm-none-eabi/12.3.1/thumb/v7e-m+fp/hard/crtbegin.o
 .ARM.attributes
                0x00000056       0x34 ./Core/Src/fatfs_sd.o
 .ARM.attributes
                0x0000008a       0x34 ./Core/Src/main.o
 .ARM.attributes
                0x000000be       0x34 ./Core/Src/stm32f4xx_hal_msp.o
 .ARM.attributes
                0x000000f2       0x34 ./Core/Src/stm32f4xx_it.o
 .ARM.attributes
                0x00000126       0x34 ./Core/Src/syscalls.o
 .ARM.attributes
                0x0000015a       0x34 ./Core/Src/sysmem.o
 .ARM.attributes
                0x0000018e       0x34 ./Core/Src/system_stm32f4xx.o
 .ARM.attributes
                0x000001c2       0x21 ./Core/Startup/startup_stm32f407vgtx.o
 .ARM.attributes
                0x000001e3       0x34 ./Drivers/STM32F4xx_HAL_Driver/Src/stm32f4xx_hal.o
 .ARM.attributes
                0x00000217       0x34 ./Drivers/STM32F4xx_HAL_Driver/Src/stm32f4xx_hal_cortex.o
 .ARM.attributes
                0x0000024b       0x34 ./Drivers/STM32F4xx_HAL_Driver/Src/stm32f4xx_hal_gpio.o
 .ARM.attributes
                0x0000027f       0x34 ./Drivers/STM32F4xx_HAL_Driver/Src/stm32f4xx_hal_rcc.o
 .ARM.attributes
                0x000002b3       0x34 ./Drivers/STM32F4xx_HAL_Driver/Src/stm32f4xx_hal_spi.o
 .ARM.attributes
                0x000002e7       0x34 ./FATFS/App/fatfs.o
 .ARM.attributes
                0x0000031b       0x34 ./FATFS/Target/user_diskio.o
 .ARM.attributes
                0x0000034f       0x34 ./Middlewares/Third_Party/FatFs/src/diskio.o
 .ARM.attributes
                0x00000383       0x34 ./Middlewares/Third_Party/FatFs/src/ff.o
 .ARM.attributes
                0x000003b7       0x34 ./Middlewares/Third_Party/FatFs/src/ff_gen_drv.o
 .ARM.attributes
                0x000003eb       0x34 ./Middlewares/Third_Party/FatFs/src/option/ccsbcs.o
 .ARM.attributes
                0x0000041f       0x34 D:/STM32CubeIDE_1.17.0/STM32CubeIDE/plugins/com.st.stm32cube.ide.mcu.externaltools.gnu-tools-for-stm32.12.3.rel1.win32_1.1.0.202410251130/tools/bin/../lib/gcc/arm-none-eabi/12.3.1/../../../../arm-none-eabi/lib/thumb/v7e-m+fp/hard\libc_nano.a(libc_a-findfp.o)
 .ARM.attributes
                0x00000453       0x34 D:/STM32CubeIDE_1.17.0/STM32CubeIDE/plugins/com.st.stm32cube.ide.mcu.externaltools.gnu-tools-for-stm32.12.3.rel1.win32_1.1.0.202410251130/tools/bin/../lib/gcc/arm-none-eabi/12.3.1/../../../../arm-none-eabi/lib/thumb/v7e-m+fp/hard\libc_nano.a(libc_a-fwalk.o)
 .ARM.attributes
                0x00000487       0x34 D:/STM32CubeIDE_1.17.0/STM32CubeIDE/plugins/com.st.stm32cube.ide.mcu.externaltools.gnu-tools-for-stm32.12.3.rel1.win32_1.1.0.202410251130/tools/bin/../lib/gcc/arm-none-eabi/12.3.1/../../../../arm-none-eabi/lib/thumb/v7e-m+fp/hard\libc_nano.a(libc_a-printf.o)
 .ARM.attributes
                0x000004bb       0x34 D:/STM32CubeIDE_1.17.0/STM32CubeIDE/plugins/com.st.stm32cube.ide.mcu.externaltools.gnu-tools-for-stm32.12.3.rel1.win32_1.1.0.202410251130/tools/bin/../lib/gcc/arm-none-eabi/12.3.1/../../../../arm-none-eabi/lib/thumb/v7e-m+fp/hard\libc_nano.a(libc_a-puts.o)
 .ARM.attributes
                0x000004ef       0x34 D:/STM32CubeIDE_1.17.0/STM32CubeIDE/plugins/com.st.stm32cube.ide.mcu.externaltools.gnu-tools-for-stm32.12.3.rel1.win32_1.1.0.202410251130/tools/bin/../lib/gcc/arm-none-eabi/12.3.1/../../../../arm-none-eabi/lib/thumb/v7e-m+fp/hard\libc_nano.a(libc_a-sprintf.o)
 .ARM.attributes
                0x00000523       0x34 D:/STM32CubeIDE_1.17.0/STM32CubeIDE/plugins/com.st.stm32cube.ide.mcu.externaltools.gnu-tools-for-stm32.12.3.rel1.win32_1.1.0.202410251130/tools/bin/../lib/gcc/arm-none-eabi/12.3.1/../../../../arm-none-eabi/lib/thumb/v7e-m+fp/hard\libc_nano.a(libc_a-stdio.o)
 .ARM.attributes
                0x00000557       0x34 D:/STM32CubeIDE_1.17.0/STM32CubeIDE/plugins/com.st.stm32cube.ide.mcu.externaltools.gnu-tools-for-stm32.12.3.rel1.win32_1.1.0.202410251130/tools/bin/../lib/gcc/arm-none-eabi/12.3.1/../../../../arm-none-eabi/lib/thumb/v7e-m+fp/hard\libc_nano.a(libc_a-wbuf.o)
 .ARM.attributes
                0x0000058b       0x34 D:/STM32CubeIDE_1.17.0/STM32CubeIDE/plugins/com.st.stm32cube.ide.mcu.externaltools.gnu-tools-for-stm32.12.3.rel1.win32_1.1.0.202410251130/tools/bin/../lib/gcc/arm-none-eabi/12.3.1/../../../../arm-none-eabi/lib/thumb/v7e-m+fp/hard\libc_nano.a(libc_a-wsetup.o)
 .ARM.attributes
                0x000005bf       0x34 D:/STM32CubeIDE_1.17.0/STM32CubeIDE/plugins/com.st.stm32cube.ide.mcu.externaltools.gnu-tools-for-stm32.12.3.rel1.win32_1.1.0.202410251130/tools/bin/../lib/gcc/arm-none-eabi/12.3.1/../../../../arm-none-eabi/lib/thumb/v7e-m+fp/hard\libc_nano.a(libc_a-memset.o)
 .ARM.attributes
                0x000005f3       0x34 D:/STM32CubeIDE_1.17.0/STM32CubeIDE/plugins/com.st.stm32cube.ide.mcu.externaltools.gnu-tools-for-stm32.12.3.rel1.win32_1.1.0.202410251130/tools/bin/../lib/gcc/arm-none-eabi/12.3.1/../../../../arm-none-eabi/lib/thumb/v7e-m+fp/hard\libc_nano.a(libc_a-closer.o)
 .ARM.attributes
                0x00000627       0x34 D:/STM32CubeIDE_1.17.0/STM32CubeIDE/plugins/com.st.stm32cube.ide.mcu.externaltools.gnu-tools-for-stm32.12.3.rel1.win32_1.1.0.202410251130/tools/bin/../lib/gcc/arm-none-eabi/12.3.1/../../../../arm-none-eabi/lib/thumb/v7e-m+fp/hard\libc_nano.a(libc_a-reent.o)
 .ARM.attributes
                0x0000065b       0x34 D:/STM32CubeIDE_1.17.0/STM32CubeIDE/plugins/com.st.stm32cube.ide.mcu.externaltools.gnu-tools-for-stm32.12.3.rel1.win32_1.1.0.202410251130/tools/bin/../lib/gcc/arm-none-eabi/12.3.1/../../../../arm-none-eabi/lib/thumb/v7e-m+fp/hard\libc_nano.a(libc_a-impure.o)
 .ARM.attributes
                0x0000068f       0x34 D:/STM32CubeIDE_1.17.0/STM32CubeIDE/plugins/com.st.stm32cube.ide.mcu.externaltools.gnu-tools-for-stm32.12.3.rel1.win32_1.1.0.202410251130/tools/bin/../lib/gcc/arm-none-eabi/12.3.1/../../../../arm-none-eabi/lib/thumb/v7e-m+fp/hard\libc_nano.a(libc_a-lseekr.o)
 .ARM.attributes
                0x000006c3       0x34 D:/STM32CubeIDE_1.17.0/STM32CubeIDE/plugins/com.st.stm32cube.ide.mcu.externaltools.gnu-tools-for-stm32.12.3.rel1.win32_1.1.0.202410251130/tools/bin/../lib/gcc/arm-none-eabi/12.3.1/../../../../arm-none-eabi/lib/thumb/v7e-m+fp/hard\libc_nano.a(libc_a-readr.o)
 .ARM.attributes
                0x000006f7       0x34 D:/STM32CubeIDE_1.17.0/STM32CubeIDE/plugins/com.st.stm32cube.ide.mcu.externaltools.gnu-tools-for-stm32.12.3.rel1.win32_1.1.0.202410251130/tools/bin/../lib/gcc/arm-none-eabi/12.3.1/../../../../arm-none-eabi/lib/thumb/v7e-m+fp/hard\libc_nano.a(libc_a-writer.o)
 .ARM.attributes
                0x0000072b       0x34 D:/STM32CubeIDE_1.17.0/STM32CubeIDE/plugins/com.st.stm32cube.ide.mcu.externaltools.gnu-tools-for-stm32.12.3.rel1.win32_1.1.0.202410251130/tools/bin/../lib/gcc/arm-none-eabi/12.3.1/../../../../arm-none-eabi/lib/thumb/v7e-m+fp/hard\libc_nano.a(libc_a-errno.o)
 .ARM.attributes
                0x0000075f       0x34 D:/STM32CubeIDE_1.17.0/STM32CubeIDE/plugins/com.st.stm32cube.ide.mcu.externaltools.gnu-tools-for-stm32.12.3.rel1.win32_1.1.0.202410251130/tools/bin/../lib/gcc/arm-none-eabi/12.3.1/../../../../arm-none-eabi/lib/thumb/v7e-m+fp/hard\libc_nano.a(libc_a-init.o)
 .ARM.attributes
                0x00000793       0x34 D:/STM32CubeIDE_1.17.0/STM32CubeIDE/plugins/com.st.stm32cube.ide.mcu.externaltools.gnu-tools-for-stm32.12.3.rel1.win32_1.1.0.202410251130/tools/bin/../lib/gcc/arm-none-eabi/12.3.1/../../../../arm-none-eabi/lib/thumb/v7e-m+fp/hard\libc_nano.a(libc_a-lock.o)
 .ARM.attributes
                0x000007c7       0x34 D:/STM32CubeIDE_1.17.0/STM32CubeIDE/plugins/com.st.stm32cube.ide.mcu.externaltools.gnu-tools-for-stm32.12.3.rel1.win32_1.1.0.202410251130/tools/bin/../lib/gcc/arm-none-eabi/12.3.1/../../../../arm-none-eabi/lib/thumb/v7e-m+fp/hard\libc_nano.a(libc_a-freer.o)
 .ARM.attributes
                0x000007fb       0x34 D:/STM32CubeIDE_1.17.0/STM32CubeIDE/plugins/com.st.stm32cube.ide.mcu.externaltools.gnu-tools-for-stm32.12.3.rel1.win32_1.1.0.202410251130/tools/bin/../lib/gcc/arm-none-eabi/12.3.1/../../../../arm-none-eabi/lib/thumb/v7e-m+fp/hard\libc_nano.a(libc_a-mallocr.o)
 .ARM.attributes
                0x0000082f       0x34 D:/STM32CubeIDE_1.17.0/STM32CubeIDE/plugins/com.st.stm32cube.ide.mcu.externaltools.gnu-tools-for-stm32.12.3.rel1.win32_1.1.0.202410251130/tools/bin/../lib/gcc/arm-none-eabi/12.3.1/../../../../arm-none-eabi/lib/thumb/v7e-m+fp/hard\libc_nano.a(libc_a-mlock.o)
 .ARM.attributes
                0x00000863       0x34 D:/STM32CubeIDE_1.17.0/STM32CubeIDE/plugins/com.st.stm32cube.ide.mcu.externaltools.gnu-tools-for-stm32.12.3.rel1.win32_1.1.0.202410251130/tools/bin/../lib/gcc/arm-none-eabi/12.3.1/../../../../arm-none-eabi/lib/thumb/v7e-m+fp/hard\libc_nano.a(libc_a-nano-svfprintf.o)
 .ARM.attributes
                0x00000897       0x34 D:/STM32CubeIDE_1.17.0/STM32CubeIDE/plugins/com.st.stm32cube.ide.mcu.externaltools.gnu-tools-for-stm32.12.3.rel1.win32_1.1.0.202410251130/tools/bin/../lib/gcc/arm-none-eabi/12.3.1/../../../../arm-none-eabi/lib/thumb/v7e-m+fp/hard\libc_nano.a(libc_a-nano-vfprintf.o)
 .ARM.attributes
                0x000008cb       0x34 D:/STM32CubeIDE_1.17.0/STM32CubeIDE/plugins/com.st.stm32cube.ide.mcu.externaltools.gnu-tools-for-stm32.12.3.rel1.win32_1.1.0.202410251130/tools/bin/../lib/gcc/arm-none-eabi/12.3.1/../../../../arm-none-eabi/lib/thumb/v7e-m+fp/hard\libc_nano.a(libc_a-nano-vfprintf_i.o)
 .ARM.attributes
                0x000008ff       0x34 D:/STM32CubeIDE_1.17.0/STM32CubeIDE/plugins/com.st.stm32cube.ide.mcu.externaltools.gnu-tools-for-stm32.12.3.rel1.win32_1.1.0.202410251130/tools/bin/../lib/gcc/arm-none-eabi/12.3.1/../../../../arm-none-eabi/lib/thumb/v7e-m+fp/hard\libc_nano.a(libc_a-fflush.o)
 .ARM.attributes
                0x00000933       0x34 D:/STM32CubeIDE_1.17.0/STM32CubeIDE/plugins/com.st.stm32cube.ide.mcu.externaltools.gnu-tools-for-stm32.12.3.rel1.win32_1.1.0.202410251130/tools/bin/../lib/gcc/arm-none-eabi/12.3.1/../../../../arm-none-eabi/lib/thumb/v7e-m+fp/hard\libc_nano.a(libc_a-makebuf.o)
 .ARM.attributes
                0x00000967       0x34 D:/STM32CubeIDE_1.17.0/STM32CubeIDE/plugins/com.st.stm32cube.ide.mcu.externaltools.gnu-tools-for-stm32.12.3.rel1.win32_1.1.0.202410251130/tools/bin/../lib/gcc/arm-none-eabi/12.3.1/../../../../arm-none-eabi/lib/thumb/v7e-m+fp/hard\libc_nano.a(libc_a-memmove.o)
 .ARM.attributes
                0x0000099b       0x34 D:/STM32CubeIDE_1.17.0/STM32CubeIDE/plugins/com.st.stm32cube.ide.mcu.externaltools.gnu-tools-for-stm32.12.3.rel1.win32_1.1.0.202410251130/tools/bin/../lib/gcc/arm-none-eabi/12.3.1/../../../../arm-none-eabi/lib/thumb/v7e-m+fp/hard\libc_nano.a(libc_a-fstatr.o)
 .ARM.attributes
                0x000009cf       0x34 D:/STM32CubeIDE_1.17.0/STM32CubeIDE/plugins/com.st.stm32cube.ide.mcu.externaltools.gnu-tools-for-stm32.12.3.rel1.win32_1.1.0.202410251130/tools/bin/../lib/gcc/arm-none-eabi/12.3.1/../../../../arm-none-eabi/lib/thumb/v7e-m+fp/hard\libc_nano.a(libc_a-isattyr.o)
 .ARM.attributes
                0x00000a03       0x34 D:/STM32CubeIDE_1.17.0/STM32CubeIDE/plugins/com.st.stm32cube.ide.mcu.externaltools.gnu-tools-for-stm32.12.3.rel1.win32_1.1.0.202410251130/tools/bin/../lib/gcc/arm-none-eabi/12.3.1/../../../../arm-none-eabi/lib/thumb/v7e-m+fp/hard\libc_nano.a(libc_a-sbrkr.o)
 .ARM.attributes
                0x00000a37       0x1c D:/STM32CubeIDE_1.17.0/STM32CubeIDE/plugins/com.st.stm32cube.ide.mcu.externaltools.gnu-tools-for-stm32.12.3.rel1.win32_1.1.0.202410251130/tools/bin/../lib/gcc/arm-none-eabi/12.3.1/../../../../arm-none-eabi/lib/thumb/v7e-m+fp/hard\libc_nano.a(libc_a-memchr.o)
 .ARM.attributes
                0x00000a53       0x34 D:/STM32CubeIDE_1.17.0/STM32CubeIDE/plugins/com.st.stm32cube.ide.mcu.externaltools.gnu-tools-for-stm32.12.3.rel1.win32_1.1.0.202410251130/tools/bin/../lib/gcc/arm-none-eabi/12.3.1/../../../../arm-none-eabi/lib/thumb/v7e-m+fp/hard\libc_nano.a(libc_a-memcpy-stub.o)
 .ARM.attributes
                0x00000a87       0x34 D:/STM32CubeIDE_1.17.0/STM32CubeIDE/plugins/com.st.stm32cube.ide.mcu.externaltools.gnu-tools-for-stm32.12.3.rel1.win32_1.1.0.202410251130/tools/bin/../lib/gcc/arm-none-eabi/12.3.1/../../../../arm-none-eabi/lib/thumb/v7e-m+fp/hard\libc_nano.a(libc_a-reallocr.o)
 .ARM.attributes
                0x00000abb       0x34 D:/STM32CubeIDE_1.17.0/STM32CubeIDE/plugins/com.st.stm32cube.ide.mcu.externaltools.gnu-tools-for-stm32.12.3.rel1.win32_1.1.0.202410251130/tools/bin/../lib/gcc/arm-none-eabi/12.3.1/../../../../arm-none-eabi/lib/thumb/v7e-m+fp/hard\libc_nano.a(libc_a-msizer.o)
 .ARM.attributes
                0x00000aef       0x22 D:/STM32CubeIDE_1.17.0/STM32CubeIDE/plugins/com.st.stm32cube.ide.mcu.externaltools.gnu-tools-for-stm32.12.3.rel1.win32_1.1.0.202410251130/tools/bin/../lib/gcc/arm-none-eabi/12.3.1/thumb/v7e-m+fp/hard\libgcc.a(_arm_muldf3.o)
 .ARM.attributes
                0x00000b11       0x22 D:/STM32CubeIDE_1.17.0/STM32CubeIDE/plugins/com.st.stm32cube.ide.mcu.externaltools.gnu-tools-for-stm32.12.3.rel1.win32_1.1.0.202410251130/tools/bin/../lib/gcc/arm-none-eabi/12.3.1/thumb/v7e-m+fp/hard\libgcc.a(_arm_addsubdf3.o)
 .ARM.attributes
                0x00000b33       0x22 D:/STM32CubeIDE_1.17.0/STM32CubeIDE/plugins/com.st.stm32cube.ide.mcu.externaltools.gnu-tools-for-stm32.12.3.rel1.win32_1.1.0.202410251130/tools/bin/../lib/gcc/arm-none-eabi/12.3.1/thumb/v7e-m+fp/hard\libgcc.a(_arm_fixunsdfsi.o)
 .ARM.attributes
                0x00000b55       0x22 D:/STM32CubeIDE_1.17.0/STM32CubeIDE/plugins/com.st.stm32cube.ide.mcu.externaltools.gnu-tools-for-stm32.12.3.rel1.win32_1.1.0.202410251130/tools/bin/../lib/gcc/arm-none-eabi/12.3.1/thumb/v7e-m+fp/hard\libgcc.a(_aeabi_uldivmod.o)
 .ARM.attributes
                0x00000b77       0x34 D:/STM32CubeIDE_1.17.0/STM32CubeIDE/plugins/com.st.stm32cube.ide.mcu.externaltools.gnu-tools-for-stm32.12.3.rel1.win32_1.1.0.202410251130/tools/bin/../lib/gcc/arm-none-eabi/12.3.1/thumb/v7e-m+fp/hard\libgcc.a(_udivmoddi4.o)
 .ARM.attributes
                0x00000bab       0x22 D:/STM32CubeIDE_1.17.0/STM32CubeIDE/plugins/com.st.stm32cube.ide.mcu.externaltools.gnu-tools-for-stm32.12.3.rel1.win32_1.1.0.202410251130/tools/bin/../lib/gcc/arm-none-eabi/12.3.1/thumb/v7e-m+fp/hard\libgcc.a(_dvmd_tls.o)
 .ARM.attributes
                0x00000bcd       0x22 D:/STM32CubeIDE_1.17.0/STM32CubeIDE/plugins/com.st.stm32cube.ide.mcu.externaltools.gnu-tools-for-stm32.12.3.rel1.win32_1.1.0.202410251130/tools/bin/../lib/gcc/arm-none-eabi/12.3.1/thumb/v7e-m+fp/hard/crtn.o
OUTPUT(sdcard.elf elf32-littlearm)
LOAD linker stubs
LOAD D:/STM32CubeIDE_1.17.0/STM32CubeIDE/plugins/com.st.stm32cube.ide.mcu.externaltools.gnu-tools-for-stm32.12.3.rel1.win32_1.1.0.202410251130/tools/bin/../lib/gcc/arm-none-eabi/12.3.1/../../../../arm-none-eabi/lib/thumb/v7e-m+fp/hard\libc.a
LOAD D:/STM32CubeIDE_1.17.0/STM32CubeIDE/plugins/com.st.stm32cube.ide.mcu.externaltools.gnu-tools-for-stm32.12.3.rel1.win32_1.1.0.202410251130/tools/bin/../lib/gcc/arm-none-eabi/12.3.1/../../../../arm-none-eabi/lib/thumb/v7e-m+fp/hard\libm.a
LOAD D:/STM32CubeIDE_1.17.0/STM32CubeIDE/plugins/com.st.stm32cube.ide.mcu.externaltools.gnu-tools-for-stm32.12.3.rel1.win32_1.1.0.202410251130/tools/bin/../lib/gcc/arm-none-eabi/12.3.1/thumb/v7e-m+fp/hard\libgcc.a

.debug_info     0x00000000     0xa974
 .debug_info    0x00000000      0xc35 ./Core/Src/fatfs_sd.o
 .debug_info    0x00000c35     0x120c ./Core/Src/main.o
 .debug_info    0x00001e41      0x92c ./Core/Src/stm32f4xx_hal_msp.o
 .debug_info    0x0000276d      0x172 ./Core/Src/stm32f4xx_it.o
 .debug_info    0x000028df      0x6d1 ./Core/Src/syscalls.o
 .debug_info    0x00002fb0      0x168 ./Core/Src/sysmem.o
 .debug_info    0x00003118      0x512 ./Core/Src/system_stm32f4xx.o
 .debug_info    0x0000362a       0x30 ./Core/Startup/startup_stm32f407vgtx.o
 .debug_info    0x0000365a      0x944 ./Drivers/STM32F4xx_HAL_Driver/Src/stm32f4xx_hal.o
 .debug_info    0x00003f9e      0xd8c ./Drivers/STM32F4xx_HAL_Driver/Src/stm32f4xx_hal_cortex.o
 .debug_info    0x00004d2a      0x6c3 ./Drivers/STM32F4xx_HAL_Driver/Src/stm32f4xx_hal_gpio.o
 .debug_info    0x000053ed      0x8af ./Drivers/STM32F4xx_HAL_Driver/Src/stm32f4xx_hal_rcc.o
 .debug_info    0x00005c9c     0x1525 ./Drivers/STM32F4xx_HAL_Driver/Src/stm32f4xx_hal_spi.o
 .debug_info    0x000071c1      0x508 ./FATFS/App/fatfs.o
 .debug_info    0x000076c9      0x3a5 ./FATFS/Target/user_diskio.o
 .debug_info    0x00007a6e      0x3df ./Middlewares/Third_Party/FatFs/src/diskio.o
 .debug_info    0x00007e4d     0x25ef ./Middlewares/Third_Party/FatFs/src/ff.o
 .debug_info    0x0000a43c      0x37f ./Middlewares/Third_Party/FatFs/src/ff_gen_drv.o
 .debug_info    0x0000a7bb      0x1b9 ./Middlewares/Third_Party/FatFs/src/option/ccsbcs.o

.debug_abbrev   0x00000000     0x21d2
 .debug_abbrev  0x00000000      0x2ee ./Core/Src/fatfs_sd.o
 .debug_abbrev  0x000002ee      0x379 ./Core/Src/main.o
 .debug_abbrev  0x00000667      0x1c3 ./Core/Src/stm32f4xx_hal_msp.o
 .debug_abbrev  0x0000082a       0x9d ./Core/Src/stm32f4xx_it.o
 .debug_abbrev  0x000008c7      0x1b1 ./Core/Src/syscalls.o
 .debug_abbrev  0x00000a78       0xbc ./Core/Src/sysmem.o
 .debug_abbrev  0x00000b34      0x11a ./Core/Src/system_stm32f4xx.o
 .debug_abbrev  0x00000c4e       0x24 ./Core/Startup/startup_stm32f407vgtx.o
 .debug_abbrev  0x00000c72      0x214 ./Drivers/STM32F4xx_HAL_Driver/Src/stm32f4xx_hal.o
 .debug_abbrev  0x00000e86      0x31d ./Drivers/STM32F4xx_HAL_Driver/Src/stm32f4xx_hal_cortex.o
 .debug_abbrev  0x000011a3      0x1d4 ./Drivers/STM32F4xx_HAL_Driver/Src/stm32f4xx_hal_gpio.o
 .debug_abbrev  0x00001377      0x2b7 ./Drivers/STM32F4xx_HAL_Driver/Src/stm32f4xx_hal_rcc.o
 .debug_abbrev  0x0000162e      0x27a ./Drivers/STM32F4xx_HAL_Driver/Src/stm32f4xx_hal_spi.o
 .debug_abbrev  0x000018a8      0x15e ./FATFS/App/fatfs.o
 .debug_abbrev  0x00001a06      0x144 ./FATFS/Target/user_diskio.o
 .debug_abbrev  0x00001b4a      0x181 ./Middlewares/Third_Party/FatFs/src/diskio.o
 .debug_abbrev  0x00001ccb      0x28a ./Middlewares/Third_Party/FatFs/src/ff.o
 .debug_abbrev  0x00001f55      0x19f ./Middlewares/Third_Party/FatFs/src/ff_gen_drv.o
 .debug_abbrev  0x000020f4       0xde ./Middlewares/Third_Party/FatFs/src/option/ccsbcs.o

.debug_aranges  0x00000000      0xae0
 .debug_aranges
                0x00000000       0xa8 ./Core/Src/fatfs_sd.o
 .debug_aranges
                0x000000a8       0x68 ./Core/Src/main.o
 .debug_aranges
                0x00000110       0x30 ./Core/Src/stm32f4xx_hal_msp.o
 .debug_aranges
                0x00000140       0x68 ./Core/Src/stm32f4xx_it.o
 .debug_aranges
                0x000001a8       0xb0 ./Core/Src/syscalls.o
 .debug_aranges
                0x00000258       0x20 ./Core/Src/sysmem.o
 .debug_aranges
                0x00000278       0x28 ./Core/Src/system_stm32f4xx.o
 .debug_aranges
                0x000002a0       0x28 ./Core/Startup/startup_stm32f407vgtx.o
 .debug_aranges
                0x000002c8       0xf0 ./Drivers/STM32F4xx_HAL_Driver/Src/stm32f4xx_hal.o
 .debug_aranges
                0x000003b8      0x130 ./Drivers/STM32F4xx_HAL_Driver/Src/stm32f4xx_hal_cortex.o
 .debug_aranges
                0x000004e8       0x58 ./Drivers/STM32F4xx_HAL_Driver/Src/stm32f4xx_hal_gpio.o
 .debug_aranges
                0x00000540       0x88 ./Drivers/STM32F4xx_HAL_Driver/Src/stm32f4xx_hal_rcc.o
 .debug_aranges
                0x000005c8      0x1d0 ./Drivers/STM32F4xx_HAL_Driver/Src/stm32f4xx_hal_spi.o
 .debug_aranges
                0x00000798       0x28 ./FATFS/App/fatfs.o
 .debug_aranges
                0x000007c0       0x40 ./FATFS/Target/user_diskio.o
 .debug_aranges
                0x00000800       0x48 ./Middlewares/Third_Party/FatFs/src/diskio.o
 .debug_aranges
                0x00000848      0x230 ./Middlewares/Third_Party/FatFs/src/ff.o
 .debug_aranges
                0x00000a78       0x40 ./Middlewares/Third_Party/FatFs/src/ff_gen_drv.o
 .debug_aranges
                0x00000ab8       0x28 ./Middlewares/Third_Party/FatFs/src/option/ccsbcs.o

.debug_rnglists
                0x00000000      0x81e
 .debug_rnglists
                0x00000000       0x80 ./Core/Src/fatfs_sd.o
 .debug_rnglists
                0x00000080       0x4c ./Core/Src/main.o
 .debug_rnglists
                0x000000cc       0x20 ./Core/Src/stm32f4xx_hal_msp.o
 .debug_rnglists
                0x000000ec       0x49 ./Core/Src/stm32f4xx_it.o
 .debug_rnglists
                0x00000135       0x7f ./Core/Src/syscalls.o
 .debug_rnglists
                0x000001b4       0x13 ./Core/Src/sysmem.o
 .debug_rnglists
                0x000001c7       0x1a ./Core/Src/system_stm32f4xx.o
 .debug_rnglists
                0x000001e1       0x19 ./Core/Startup/startup_stm32f407vgtx.o
 .debug_rnglists
                0x000001fa       0xaf ./Drivers/STM32F4xx_HAL_Driver/Src/stm32f4xx_hal.o
 .debug_rnglists
                0x000002a9       0xe0 ./Drivers/STM32F4xx_HAL_Driver/Src/stm32f4xx_hal_cortex.o
 .debug_rnglists
                0x00000389       0x3f ./Drivers/STM32F4xx_HAL_Driver/Src/stm32f4xx_hal_gpio.o
 .debug_rnglists
                0x000003c8       0x66 ./Drivers/STM32F4xx_HAL_Driver/Src/stm32f4xx_hal_rcc.o
 .debug_rnglists
                0x0000042e      0x16f ./Drivers/STM32F4xx_HAL_Driver/Src/stm32f4xx_hal_spi.o
 .debug_rnglists
                0x0000059d       0x19 ./FATFS/App/fatfs.o
 .debug_rnglists
                0x000005b6       0x2b ./FATFS/Target/user_diskio.o
 .debug_rnglists
                0x000005e1       0x31 ./Middlewares/Third_Party/FatFs/src/diskio.o
 .debug_rnglists
                0x00000612      0x1c6 ./Middlewares/Third_Party/FatFs/src/ff.o
 .debug_rnglists
                0x000007d8       0x2c ./Middlewares/Third_Party/FatFs/src/ff_gen_drv.o
 .debug_rnglists
                0x00000804       0x1a ./Middlewares/Third_Party/FatFs/src/option/ccsbcs.o

.debug_macro    0x00000000    0x229f8
 .debug_macro   0x00000000      0x1ed ./Core/Src/fatfs_sd.o
 .debug_macro   0x000001ed      0xab4 ./Core/Src/fatfs_sd.o
 .debug_macro   0x00000ca1      0x295 ./Core/Src/fatfs_sd.o
 .debug_macro   0x00000f36       0x2e ./Core/Src/fatfs_sd.o
 .debug_macro   0x00000f64       0x2f ./Core/Src/fatfs_sd.o
 .debug_macro   0x00000f93       0x22 ./Core/Src/fatfs_sd.o
 .debug_macro   0x00000fb5       0x8e ./Core/Src/fatfs_sd.o
 .debug_macro   0x00001043       0x51 ./Core/Src/fatfs_sd.o
 .debug_macro   0x00001094      0x103 ./Core/Src/fatfs_sd.o
 .debug_macro   0x00001197       0x6a ./Core/Src/fatfs_sd.o
 .debug_macro   0x00001201      0x1df ./Core/Src/fatfs_sd.o
 .debug_macro   0x000013e0       0x1c ./Core/Src/fatfs_sd.o
 .debug_macro   0x000013fc       0x22 ./Core/Src/fatfs_sd.o
 .debug_macro   0x0000141e       0xfb ./Core/Src/fatfs_sd.o
 .debug_macro   0x00001519     0x1011 ./Core/Src/fatfs_sd.o
 .debug_macro   0x0000252a      0x11f ./Core/Src/fatfs_sd.o
 .debug_macro   0x00002649    0x15e97 ./Core/Src/fatfs_sd.o
 .debug_macro   0x000184e0       0x6d ./Core/Src/fatfs_sd.o
 .debug_macro   0x0001854d     0x369a ./Core/Src/fatfs_sd.o
 .debug_macro   0x0001bbe7      0x189 ./Core/Src/fatfs_sd.o
 .debug_macro   0x0001bd70       0x5c ./Core/Src/fatfs_sd.o
 .debug_macro   0x0001bdcc      0x980 ./Core/Src/fatfs_sd.o
 .debug_macro   0x0001c74c      0x9e9 ./Core/Src/fatfs_sd.o
 .debug_macro   0x0001d135      0x115 ./Core/Src/fatfs_sd.o
 .debug_macro   0x0001d24a      0x13e ./Core/Src/fatfs_sd.o
 .debug_macro   0x0001d388       0xa5 ./Core/Src/fatfs_sd.o
 .debug_macro   0x0001d42d      0x174 ./Core/Src/fatfs_sd.o
 .debug_macro   0x0001d5a1      0x287 ./Core/Src/fatfs_sd.o
 .debug_macro   0x0001d828       0x5f ./Core/Src/fatfs_sd.o
 .debug_macro   0x0001d887      0x236 ./Core/Src/fatfs_sd.o
 .debug_macro   0x0001dabd      0x12c ./Core/Src/fatfs_sd.o
 .debug_macro   0x0001dbe9      0x21e ./Core/Src/fatfs_sd.o
 .debug_macro   0x0001de07       0x2e ./Core/Src/fatfs_sd.o
 .debug_macro   0x0001de35      0x127 ./Core/Src/fatfs_sd.o
 .debug_macro   0x0001df5c       0x7e ./Core/Src/fatfs_sd.o
 .debug_macro   0x0001dfda       0x89 ./Core/Src/fatfs_sd.o
 .debug_macro   0x0001e063      0x225 ./Core/Src/fatfs_sd.o
 .debug_macro   0x0001e288      0x12d ./Core/Src/fatfs_sd.o
 .debug_macro   0x0001e3b5       0x16 ./Core/Src/fatfs_sd.o
 .debug_macro   0x0001e3cb       0x7c ./Core/Src/fatfs_sd.o
 .debug_macro   0x0001e447       0x9a ./Core/Src/fatfs_sd.o
 .debug_macro   0x0001e4e1      0x355 ./Core/Src/main.o
 .debug_macro   0x0001e836       0x40 ./Core/Src/main.o
 .debug_macro   0x0001e876       0xeb ./Core/Src/main.o
 .debug_macro   0x0001e961       0x2a ./Core/Src/main.o
 .debug_macro   0x0001e98b       0x61 ./Core/Src/main.o
 .debug_macro   0x0001e9ec       0x43 ./Core/Src/main.o
 .debug_macro   0x0001ea2f       0x34 ./Core/Src/main.o
 .debug_macro   0x0001ea63       0x16 ./Core/Src/main.o
 .debug_macro   0x0001ea79       0x35 ./Core/Src/main.o
 .debug_macro   0x0001eaae       0x16 ./Core/Src/main.o
 .debug_macro   0x0001eac4       0x43 ./Core/Src/main.o
 .debug_macro   0x0001eb07       0x34 ./Core/Src/main.o
 .debug_macro   0x0001eb3b       0x10 ./Core/Src/main.o
 .debug_macro   0x0001eb4b       0x58 ./Core/Src/main.o
 .debug_macro   0x0001eba3       0x8e ./Core/Src/main.o
 .debug_macro   0x0001ec31       0x1c ./Core/Src/main.o
 .debug_macro   0x0001ec4d      0x177 ./Core/Src/main.o
 .debug_macro   0x0001edc4      0x369 ./Core/Src/main.o
 .debug_macro   0x0001f12d       0x16 ./Core/Src/main.o
 .debug_macro   0x0001f143       0x29 ./Core/Src/main.o
 .debug_macro   0x0001f16c       0x12 ./Core/Src/main.o
 .debug_macro   0x0001f17e       0xe2 ./Core/Src/main.o
 .debug_macro   0x0001f260       0x8e ./Core/Src/main.o
 .debug_macro   0x0001f2ee       0x16 ./Core/Src/main.o
 .debug_macro   0x0001f304       0x20 ./Core/Src/main.o
 .debug_macro   0x0001f324       0x1c ./Core/Src/main.o
 .debug_macro   0x0001f340       0x10 ./Core/Src/main.o
 .debug_macro   0x0001f350       0x1c ./Core/Src/main.o
 .debug_macro   0x0001f36c       0x16 ./Core/Src/main.o
 .debug_macro   0x0001f382      0x146 ./Core/Src/main.o
 .debug_macro   0x0001f4c8      0x1c9 ./Core/Src/stm32f4xx_hal_msp.o
 .debug_macro   0x0001f691      0x1d3 ./Core/Src/stm32f4xx_it.o
 .debug_macro   0x0001f864      0x286 ./Core/Src/syscalls.o
 .debug_macro   0x0001faea       0x5b ./Core/Src/syscalls.o
 .debug_macro   0x0001fb45       0x94 ./Core/Src/syscalls.o
 .debug_macro   0x0001fbd9       0x57 ./Core/Src/syscalls.o
 .debug_macro   0x0001fc30       0x10 ./Core/Src/syscalls.o
 .debug_macro   0x0001fc40       0x10 ./Core/Src/syscalls.o
 .debug_macro   0x0001fc50       0x10 ./Core/Src/syscalls.o
 .debug_macro   0x0001fc60       0x10 ./Core/Src/syscalls.o
 .debug_macro   0x0001fc70       0x1c ./Core/Src/syscalls.o
 .debug_macro   0x0001fc8c       0x52 ./Core/Src/syscalls.o
 .debug_macro   0x0001fcde       0x22 ./Core/Src/syscalls.o
 .debug_macro   0x0001fd00       0x10 ./Core/Src/syscalls.o
 .debug_macro   0x0001fd10       0x52 ./Core/Src/syscalls.o
 .debug_macro   0x0001fd62       0xcf ./Core/Src/syscalls.o
 .debug_macro   0x0001fe31       0x1c ./Core/Src/syscalls.o